Archive member included to satisfy reference by file (symbol)

d:/program files/atmel studio/7.0/toolchain/avr8/avr8-gnu-toolchain/bin/../lib/gcc/avr/5.4.0/../../../../avr/lib/avr5\libm.a(addsf3.o)
                              Sketch.o (__subsf3)
d:/program files/atmel studio/7.0/toolchain/avr8/avr8-gnu-toolchain/bin/../lib/gcc/avr/5.4.0/../../../../avr/lib/avr5\libm.a(addsf3x.o)
                              d:/program files/atmel studio/7.0/toolchain/avr8/avr8-gnu-toolchain/bin/../lib/gcc/avr/5.4.0/../../../../avr/lib/avr5\libm.a(addsf3.o) (__addsf3x)
d:/program files/atmel studio/7.0/toolchain/avr8/avr8-gnu-toolchain/bin/../lib/gcc/avr/5.4.0/../../../../avr/lib/avr5\libm.a(cmpsf2.o)
                              Sketch.o (__ltsf2)
d:/program files/atmel studio/7.0/toolchain/avr8/avr8-gnu-toolchain/bin/../lib/gcc/avr/5.4.0/../../../../avr/lib/avr5\libm.a(divsf3.o)
                              Sketch.o (__divsf3)
d:/program files/atmel studio/7.0/toolchain/avr8/avr8-gnu-toolchain/bin/../lib/gcc/avr/5.4.0/../../../../avr/lib/avr5\libm.a(divsf3x.o)
                              d:/program files/atmel studio/7.0/toolchain/avr8/avr8-gnu-toolchain/bin/../lib/gcc/avr/5.4.0/../../../../avr/lib/avr5\libm.a(divsf3.o) (__divsf3x)
d:/program files/atmel studio/7.0/toolchain/avr8/avr8-gnu-toolchain/bin/../lib/gcc/avr/5.4.0/../../../../avr/lib/avr5\libm.a(floatsisf.o)
                              Sketch.o (__floatunsisf)
d:/program files/atmel studio/7.0/toolchain/avr8/avr8-gnu-toolchain/bin/../lib/gcc/avr/5.4.0/../../../../avr/lib/avr5\libm.a(fp_cmp.o)
                              d:/program files/atmel studio/7.0/toolchain/avr8/avr8-gnu-toolchain/bin/../lib/gcc/avr/5.4.0/../../../../avr/lib/avr5\libm.a(cmpsf2.o) (__fp_cmp)
d:/program files/atmel studio/7.0/toolchain/avr8/avr8-gnu-toolchain/bin/../lib/gcc/avr/5.4.0/../../../../avr/lib/avr5\libm.a(fp_inf.o)
                              d:/program files/atmel studio/7.0/toolchain/avr8/avr8-gnu-toolchain/bin/../lib/gcc/avr/5.4.0/../../../../avr/lib/avr5\libm.a(addsf3x.o) (__fp_inf)
d:/program files/atmel studio/7.0/toolchain/avr8/avr8-gnu-toolchain/bin/../lib/gcc/avr/5.4.0/../../../../avr/lib/avr5\libm.a(fp_nan.o)
                              d:/program files/atmel studio/7.0/toolchain/avr8/avr8-gnu-toolchain/bin/../lib/gcc/avr/5.4.0/../../../../avr/lib/avr5\libm.a(addsf3x.o) (__fp_nan)
d:/program files/atmel studio/7.0/toolchain/avr8/avr8-gnu-toolchain/bin/../lib/gcc/avr/5.4.0/../../../../avr/lib/avr5\libm.a(fp_pscA.o)
                              d:/program files/atmel studio/7.0/toolchain/avr8/avr8-gnu-toolchain/bin/../lib/gcc/avr/5.4.0/../../../../avr/lib/avr5\libm.a(addsf3x.o) (__fp_pscA)
d:/program files/atmel studio/7.0/toolchain/avr8/avr8-gnu-toolchain/bin/../lib/gcc/avr/5.4.0/../../../../avr/lib/avr5\libm.a(fp_pscB.o)
                              d:/program files/atmel studio/7.0/toolchain/avr8/avr8-gnu-toolchain/bin/../lib/gcc/avr/5.4.0/../../../../avr/lib/avr5\libm.a(addsf3x.o) (__fp_pscB)
d:/program files/atmel studio/7.0/toolchain/avr8/avr8-gnu-toolchain/bin/../lib/gcc/avr/5.4.0/../../../../avr/lib/avr5\libm.a(fp_round.o)
                              d:/program files/atmel studio/7.0/toolchain/avr8/avr8-gnu-toolchain/bin/../lib/gcc/avr/5.4.0/../../../../avr/lib/avr5\libm.a(addsf3.o) (__fp_round)
d:/program files/atmel studio/7.0/toolchain/avr8/avr8-gnu-toolchain/bin/../lib/gcc/avr/5.4.0/../../../../avr/lib/avr5\libm.a(fp_split3.o)
                              d:/program files/atmel studio/7.0/toolchain/avr8/avr8-gnu-toolchain/bin/../lib/gcc/avr/5.4.0/../../../../avr/lib/avr5\libm.a(addsf3x.o) (__fp_split3)
d:/program files/atmel studio/7.0/toolchain/avr8/avr8-gnu-toolchain/bin/../lib/gcc/avr/5.4.0/../../../../avr/lib/avr5\libm.a(fp_zero.o)
                              d:/program files/atmel studio/7.0/toolchain/avr8/avr8-gnu-toolchain/bin/../lib/gcc/avr/5.4.0/../../../../avr/lib/avr5\libm.a(addsf3x.o) (__fp_zero)
d:/program files/atmel studio/7.0/toolchain/avr8/avr8-gnu-toolchain/bin/../lib/gcc/avr/5.4.0/../../../../avr/lib/avr5\libm.a(gesf2.o)
                              Sketch.o (__gesf2)
d:/program files/atmel studio/7.0/toolchain/avr8/avr8-gnu-toolchain/bin/../lib/gcc/avr/5.4.0/../../../../avr/lib/avr5\libm.a(mulsf3.o)
                              Sketch.o (__mulsf3)
d:/program files/atmel studio/7.0/toolchain/avr8/avr8-gnu-toolchain/bin/../lib/gcc/avr/5.4.0/../../../../avr/lib/avr5\libm.a(mulsf3x.o)
                              d:/program files/atmel studio/7.0/toolchain/avr8/avr8-gnu-toolchain/bin/../lib/gcc/avr/5.4.0/../../../../avr/lib/avr5\libm.a(mulsf3.o) (__mulsf3x)
C:\Users\Porama6400\Documents\Project\Atmel Studio\PLSR Firmware\PLSR\ArduinoCore\Debug\libArduinoCore.a(main.o)
                              D:/Program Files/Atmel Studio/7.0/Packs/atmel/ATmega_DFP/1.2.150/gcc/dev/atmega328p/avr5/crtatmega328p.o (main)
C:\Users\Porama6400\Documents\Project\Atmel Studio\PLSR Firmware\PLSR\ArduinoCore\Debug\libArduinoCore.a(Print.o)
                              Sketch.o (_ZN5Print5printEPK19__FlashStringHelper)
C:\Users\Porama6400\Documents\Project\Atmel Studio\PLSR Firmware\PLSR\ArduinoCore\Debug\libArduinoCore.a(wiring.o)
                              Sketch.o (millis)
C:\Users\Porama6400\Documents\Project\Atmel Studio\PLSR Firmware\PLSR\ArduinoCore\Debug\libArduinoCore.a(wiring_digital.o)
                              Sketch.o (pinMode)
C:\Users\Porama6400\Documents\Project\Atmel Studio\PLSR Firmware\PLSR\ArduinoCore\Debug\libArduinoCore.a(LiquidCrystal.o)
                              Sketch.o (_ZN13LiquidCrystal5clearEv)
C:\Users\Porama6400\Documents\Project\Atmel Studio\PLSR Firmware\PLSR\ArduinoCore\Debug\libArduinoCore.a(Rotary.o)
                              Sketch.o (_ZN6RotaryC1Ecc)
C:\Users\Porama6400\Documents\Project\Atmel Studio\PLSR Firmware\PLSR\ArduinoCore\Debug\libArduinoCore.a(abi.o)
                              C:\Users\Porama6400\Documents\Project\Atmel Studio\PLSR Firmware\PLSR\ArduinoCore\Debug\libArduinoCore.a(Print.o) (__cxa_pure_virtual)
C:\Users\Porama6400\Documents\Project\Atmel Studio\PLSR Firmware\PLSR\ArduinoCore\Debug\libArduinoCore.a(hooks.o)
                              C:\Users\Porama6400\Documents\Project\Atmel Studio\PLSR Firmware\PLSR\ArduinoCore\Debug\libArduinoCore.a(wiring.o) (yield)
d:/program files/atmel studio/7.0/toolchain/avr8/avr8-gnu-toolchain/bin/../lib/gcc/avr/5.4.0/../../../../avr/lib/avr5\libm.a(fixunssfsi.o)
                              C:\Users\Porama6400\Documents\Project\Atmel Studio\PLSR Firmware\PLSR\ArduinoCore\Debug\libArduinoCore.a(Print.o) (__fixunssfsi)
d:/program files/atmel studio/7.0/toolchain/avr8/avr8-gnu-toolchain/bin/../lib/gcc/avr/5.4.0/../../../../avr/lib/avr5\libm.a(unordsf2.o)
                              C:\Users\Porama6400\Documents\Project\Atmel Studio\PLSR Firmware\PLSR\ArduinoCore\Debug\libArduinoCore.a(Print.o) (__unordsf2)
d:/program files/atmel studio/7.0/toolchain/avr8/avr8-gnu-toolchain/bin/../lib/gcc/avr/5.4.0/avr5\libgcc.a(_udivmodsi4.o)
                              C:\Users\Porama6400\Documents\Project\Atmel Studio\PLSR Firmware\PLSR\ArduinoCore\Debug\libArduinoCore.a(Print.o) (__udivmodsi4)
d:/program files/atmel studio/7.0/toolchain/avr8/avr8-gnu-toolchain/bin/../lib/gcc/avr/5.4.0/avr5\libgcc.a(_divmodsi4.o)
                              Sketch.o (__divmodsi4)
d:/program files/atmel studio/7.0/toolchain/avr8/avr8-gnu-toolchain/bin/../lib/gcc/avr/5.4.0/avr5\libgcc.a(_negsi2.o)
                              d:/program files/atmel studio/7.0/toolchain/avr8/avr8-gnu-toolchain/bin/../lib/gcc/avr/5.4.0/avr5\libgcc.a(_divmodsi4.o) (__negsi2)
d:/program files/atmel studio/7.0/toolchain/avr8/avr8-gnu-toolchain/bin/../lib/gcc/avr/5.4.0/avr5\libgcc.a(_exit.o)
                              D:/Program Files/Atmel Studio/7.0/Packs/atmel/ATmega_DFP/1.2.150/gcc/dev/atmega328p/avr5/crtatmega328p.o (exit)
d:/program files/atmel studio/7.0/toolchain/avr8/avr8-gnu-toolchain/bin/../lib/gcc/avr/5.4.0/avr5\libgcc.a(_copy_data.o)
                              Sketch.o (__do_copy_data)
d:/program files/atmel studio/7.0/toolchain/avr8/avr8-gnu-toolchain/bin/../lib/gcc/avr/5.4.0/avr5\libgcc.a(_clear_bss.o)
                              Sketch.o (__do_clear_bss)
d:/program files/atmel studio/7.0/toolchain/avr8/avr8-gnu-toolchain/bin/../lib/gcc/avr/5.4.0/avr5\libgcc.a(_ctors.o)
                              Sketch.o (__do_global_ctors)
d:/program files/atmel studio/7.0/toolchain/avr8/avr8-gnu-toolchain/bin/../lib/gcc/avr/5.4.0/avr5\libgcc.a(_tablejump2.o)
                              d:/program files/atmel studio/7.0/toolchain/avr8/avr8-gnu-toolchain/bin/../lib/gcc/avr/5.4.0/avr5\libgcc.a(_ctors.o) (__tablejump2__)
d:/program files/atmel studio/7.0/toolchain/avr8/avr8-gnu-toolchain/bin/../lib/gcc/avr/5.4.0/../../../../avr/lib/avr5\libc.a(abort.o)
                              C:\Users\Porama6400\Documents\Project\Atmel Studio\PLSR Firmware\PLSR\ArduinoCore\Debug\libArduinoCore.a(abi.o) (abort)

Discarded input sections

 .data          0x00000000        0x0 D:/Program Files/Atmel Studio/7.0/Packs/atmel/ATmega_DFP/1.2.150/gcc/dev/atmega328p/avr5/crtatmega328p.o
 .bss           0x00000000        0x0 D:/Program Files/Atmel Studio/7.0/Packs/atmel/ATmega_DFP/1.2.150/gcc/dev/atmega328p/avr5/crtatmega328p.o
 .group         0x00000000        0x8 Sketch.o
 .group         0x00000000        0x8 Sketch.o
 .text          0x00000000        0x0 Sketch.o
 .data          0x00000000        0x0 Sketch.o
 .bss           0x00000000        0x0 Sketch.o
 .rodata._ZL2SS
                0x00000000        0x1 Sketch.o
 .rodata._ZL4MOSI
                0x00000000        0x1 Sketch.o
 .rodata._ZL4MISO
                0x00000000        0x1 Sketch.o
 .rodata._ZL3SCK
                0x00000000        0x1 Sketch.o
 .rodata._ZL3SDA
                0x00000000        0x1 Sketch.o
 .rodata._ZL3SCL
                0x00000000        0x1 Sketch.o
 .rodata._ZL2A0
                0x00000000        0x1 Sketch.o
 .rodata._ZL2A1
                0x00000000        0x1 Sketch.o
 .rodata._ZL2A2
                0x00000000        0x1 Sketch.o
 .rodata._ZL2A3
                0x00000000        0x1 Sketch.o
 .rodata._ZL2A4
                0x00000000        0x1 Sketch.o
 .rodata._ZL2A5
                0x00000000        0x1 Sketch.o
 .rodata._ZL2A6
                0x00000000        0x1 Sketch.o
 .rodata._ZL2A7
                0x00000000        0x1 Sketch.o
 .rodata._ZL12time_minimum
                0x00000000        0x4 Sketch.o
 .rodata._ZL12time_maximum
                0x00000000        0x4 Sketch.o
 .text._Z7waitForibi
                0x00000000       0xb6 Sketch.o
 .text          0x00000000        0x0 d:/program files/atmel studio/7.0/toolchain/avr8/avr8-gnu-toolchain/bin/../lib/gcc/avr/5.4.0/../../../../avr/lib/avr5\libm.a(addsf3.o)
 .data          0x00000000        0x0 d:/program files/atmel studio/7.0/toolchain/avr8/avr8-gnu-toolchain/bin/../lib/gcc/avr/5.4.0/../../../../avr/lib/avr5\libm.a(addsf3.o)
 .bss           0x00000000        0x0 d:/program files/atmel studio/7.0/toolchain/avr8/avr8-gnu-toolchain/bin/../lib/gcc/avr/5.4.0/../../../../avr/lib/avr5\libm.a(addsf3.o)
 .text          0x00000000        0x0 d:/program files/atmel studio/7.0/toolchain/avr8/avr8-gnu-toolchain/bin/../lib/gcc/avr/5.4.0/../../../../avr/lib/avr5\libm.a(addsf3x.o)
 .data          0x00000000        0x0 d:/program files/atmel studio/7.0/toolchain/avr8/avr8-gnu-toolchain/bin/../lib/gcc/avr/5.4.0/../../../../avr/lib/avr5\libm.a(addsf3x.o)
 .bss           0x00000000        0x0 d:/program files/atmel studio/7.0/toolchain/avr8/avr8-gnu-toolchain/bin/../lib/gcc/avr/5.4.0/../../../../avr/lib/avr5\libm.a(addsf3x.o)
 .text          0x00000000        0x0 d:/program files/atmel studio/7.0/toolchain/avr8/avr8-gnu-toolchain/bin/../lib/gcc/avr/5.4.0/../../../../avr/lib/avr5\libm.a(cmpsf2.o)
 .data          0x00000000        0x0 d:/program files/atmel studio/7.0/toolchain/avr8/avr8-gnu-toolchain/bin/../lib/gcc/avr/5.4.0/../../../../avr/lib/avr5\libm.a(cmpsf2.o)
 .bss           0x00000000        0x0 d:/program files/atmel studio/7.0/toolchain/avr8/avr8-gnu-toolchain/bin/../lib/gcc/avr/5.4.0/../../../../avr/lib/avr5\libm.a(cmpsf2.o)
 .text          0x00000000        0x0 d:/program files/atmel studio/7.0/toolchain/avr8/avr8-gnu-toolchain/bin/../lib/gcc/avr/5.4.0/../../../../avr/lib/avr5\libm.a(divsf3.o)
 .data          0x00000000        0x0 d:/program files/atmel studio/7.0/toolchain/avr8/avr8-gnu-toolchain/bin/../lib/gcc/avr/5.4.0/../../../../avr/lib/avr5\libm.a(divsf3.o)
 .bss           0x00000000        0x0 d:/program files/atmel studio/7.0/toolchain/avr8/avr8-gnu-toolchain/bin/../lib/gcc/avr/5.4.0/../../../../avr/lib/avr5\libm.a(divsf3.o)
 .text          0x00000000        0x0 d:/program files/atmel studio/7.0/toolchain/avr8/avr8-gnu-toolchain/bin/../lib/gcc/avr/5.4.0/../../../../avr/lib/avr5\libm.a(divsf3x.o)
 .data          0x00000000        0x0 d:/program files/atmel studio/7.0/toolchain/avr8/avr8-gnu-toolchain/bin/../lib/gcc/avr/5.4.0/../../../../avr/lib/avr5\libm.a(divsf3x.o)
 .bss           0x00000000        0x0 d:/program files/atmel studio/7.0/toolchain/avr8/avr8-gnu-toolchain/bin/../lib/gcc/avr/5.4.0/../../../../avr/lib/avr5\libm.a(divsf3x.o)
 .text          0x00000000        0x0 d:/program files/atmel studio/7.0/toolchain/avr8/avr8-gnu-toolchain/bin/../lib/gcc/avr/5.4.0/../../../../avr/lib/avr5\libm.a(floatsisf.o)
 .data          0x00000000        0x0 d:/program files/atmel studio/7.0/toolchain/avr8/avr8-gnu-toolchain/bin/../lib/gcc/avr/5.4.0/../../../../avr/lib/avr5\libm.a(floatsisf.o)
 .bss           0x00000000        0x0 d:/program files/atmel studio/7.0/toolchain/avr8/avr8-gnu-toolchain/bin/../lib/gcc/avr/5.4.0/../../../../avr/lib/avr5\libm.a(floatsisf.o)
 .text          0x00000000        0x0 d:/program files/atmel studio/7.0/toolchain/avr8/avr8-gnu-toolchain/bin/../lib/gcc/avr/5.4.0/../../../../avr/lib/avr5\libm.a(fp_cmp.o)
 .data          0x00000000        0x0 d:/program files/atmel studio/7.0/toolchain/avr8/avr8-gnu-toolchain/bin/../lib/gcc/avr/5.4.0/../../../../avr/lib/avr5\libm.a(fp_cmp.o)
 .bss           0x00000000        0x0 d:/program files/atmel studio/7.0/toolchain/avr8/avr8-gnu-toolchain/bin/../lib/gcc/avr/5.4.0/../../../../avr/lib/avr5\libm.a(fp_cmp.o)
 .text          0x00000000        0x0 d:/program files/atmel studio/7.0/toolchain/avr8/avr8-gnu-toolchain/bin/../lib/gcc/avr/5.4.0/../../../../avr/lib/avr5\libm.a(fp_inf.o)
 .data          0x00000000        0x0 d:/program files/atmel studio/7.0/toolchain/avr8/avr8-gnu-toolchain/bin/../lib/gcc/avr/5.4.0/../../../../avr/lib/avr5\libm.a(fp_inf.o)
 .bss           0x00000000        0x0 d:/program files/atmel studio/7.0/toolchain/avr8/avr8-gnu-toolchain/bin/../lib/gcc/avr/5.4.0/../../../../avr/lib/avr5\libm.a(fp_inf.o)
 .text          0x00000000        0x0 d:/program files/atmel studio/7.0/toolchain/avr8/avr8-gnu-toolchain/bin/../lib/gcc/avr/5.4.0/../../../../avr/lib/avr5\libm.a(fp_nan.o)
 .data          0x00000000        0x0 d:/program files/atmel studio/7.0/toolchain/avr8/avr8-gnu-toolchain/bin/../lib/gcc/avr/5.4.0/../../../../avr/lib/avr5\libm.a(fp_nan.o)
 .bss           0x00000000        0x0 d:/program files/atmel studio/7.0/toolchain/avr8/avr8-gnu-toolchain/bin/../lib/gcc/avr/5.4.0/../../../../avr/lib/avr5\libm.a(fp_nan.o)
 .text          0x00000000        0x0 d:/program files/atmel studio/7.0/toolchain/avr8/avr8-gnu-toolchain/bin/../lib/gcc/avr/5.4.0/../../../../avr/lib/avr5\libm.a(fp_pscA.o)
 .data          0x00000000        0x0 d:/program files/atmel studio/7.0/toolchain/avr8/avr8-gnu-toolchain/bin/../lib/gcc/avr/5.4.0/../../../../avr/lib/avr5\libm.a(fp_pscA.o)
 .bss           0x00000000        0x0 d:/program files/atmel studio/7.0/toolchain/avr8/avr8-gnu-toolchain/bin/../lib/gcc/avr/5.4.0/../../../../avr/lib/avr5\libm.a(fp_pscA.o)
 .text          0x00000000        0x0 d:/program files/atmel studio/7.0/toolchain/avr8/avr8-gnu-toolchain/bin/../lib/gcc/avr/5.4.0/../../../../avr/lib/avr5\libm.a(fp_pscB.o)
 .data          0x00000000        0x0 d:/program files/atmel studio/7.0/toolchain/avr8/avr8-gnu-toolchain/bin/../lib/gcc/avr/5.4.0/../../../../avr/lib/avr5\libm.a(fp_pscB.o)
 .bss           0x00000000        0x0 d:/program files/atmel studio/7.0/toolchain/avr8/avr8-gnu-toolchain/bin/../lib/gcc/avr/5.4.0/../../../../avr/lib/avr5\libm.a(fp_pscB.o)
 .text          0x00000000        0x0 d:/program files/atmel studio/7.0/toolchain/avr8/avr8-gnu-toolchain/bin/../lib/gcc/avr/5.4.0/../../../../avr/lib/avr5\libm.a(fp_round.o)
 .data          0x00000000        0x0 d:/program files/atmel studio/7.0/toolchain/avr8/avr8-gnu-toolchain/bin/../lib/gcc/avr/5.4.0/../../../../avr/lib/avr5\libm.a(fp_round.o)
 .bss           0x00000000        0x0 d:/program files/atmel studio/7.0/toolchain/avr8/avr8-gnu-toolchain/bin/../lib/gcc/avr/5.4.0/../../../../avr/lib/avr5\libm.a(fp_round.o)
 .text          0x00000000        0x0 d:/program files/atmel studio/7.0/toolchain/avr8/avr8-gnu-toolchain/bin/../lib/gcc/avr/5.4.0/../../../../avr/lib/avr5\libm.a(fp_split3.o)
 .data          0x00000000        0x0 d:/program files/atmel studio/7.0/toolchain/avr8/avr8-gnu-toolchain/bin/../lib/gcc/avr/5.4.0/../../../../avr/lib/avr5\libm.a(fp_split3.o)
 .bss           0x00000000        0x0 d:/program files/atmel studio/7.0/toolchain/avr8/avr8-gnu-toolchain/bin/../lib/gcc/avr/5.4.0/../../../../avr/lib/avr5\libm.a(fp_split3.o)
 .text          0x00000000        0x0 d:/program files/atmel studio/7.0/toolchain/avr8/avr8-gnu-toolchain/bin/../lib/gcc/avr/5.4.0/../../../../avr/lib/avr5\libm.a(fp_zero.o)
 .data          0x00000000        0x0 d:/program files/atmel studio/7.0/toolchain/avr8/avr8-gnu-toolchain/bin/../lib/gcc/avr/5.4.0/../../../../avr/lib/avr5\libm.a(fp_zero.o)
 .bss           0x00000000        0x0 d:/program files/atmel studio/7.0/toolchain/avr8/avr8-gnu-toolchain/bin/../lib/gcc/avr/5.4.0/../../../../avr/lib/avr5\libm.a(fp_zero.o)
 .text          0x00000000        0x0 d:/program files/atmel studio/7.0/toolchain/avr8/avr8-gnu-toolchain/bin/../lib/gcc/avr/5.4.0/../../../../avr/lib/avr5\libm.a(gesf2.o)
 .data          0x00000000        0x0 d:/program files/atmel studio/7.0/toolchain/avr8/avr8-gnu-toolchain/bin/../lib/gcc/avr/5.4.0/../../../../avr/lib/avr5\libm.a(gesf2.o)
 .bss           0x00000000        0x0 d:/program files/atmel studio/7.0/toolchain/avr8/avr8-gnu-toolchain/bin/../lib/gcc/avr/5.4.0/../../../../avr/lib/avr5\libm.a(gesf2.o)
 .text          0x00000000        0x0 d:/program files/atmel studio/7.0/toolchain/avr8/avr8-gnu-toolchain/bin/../lib/gcc/avr/5.4.0/../../../../avr/lib/avr5\libm.a(mulsf3.o)
 .data          0x00000000        0x0 d:/program files/atmel studio/7.0/toolchain/avr8/avr8-gnu-toolchain/bin/../lib/gcc/avr/5.4.0/../../../../avr/lib/avr5\libm.a(mulsf3.o)
 .bss           0x00000000        0x0 d:/program files/atmel studio/7.0/toolchain/avr8/avr8-gnu-toolchain/bin/../lib/gcc/avr/5.4.0/../../../../avr/lib/avr5\libm.a(mulsf3.o)
 .text          0x00000000        0x0 d:/program files/atmel studio/7.0/toolchain/avr8/avr8-gnu-toolchain/bin/../lib/gcc/avr/5.4.0/../../../../avr/lib/avr5\libm.a(mulsf3x.o)
 .data          0x00000000        0x0 d:/program files/atmel studio/7.0/toolchain/avr8/avr8-gnu-toolchain/bin/../lib/gcc/avr/5.4.0/../../../../avr/lib/avr5\libm.a(mulsf3x.o)
 .bss           0x00000000        0x0 d:/program files/atmel studio/7.0/toolchain/avr8/avr8-gnu-toolchain/bin/../lib/gcc/avr/5.4.0/../../../../avr/lib/avr5\libm.a(mulsf3x.o)
 .text          0x00000000        0x0 C:\Users\Porama6400\Documents\Project\Atmel Studio\PLSR Firmware\PLSR\ArduinoCore\Debug\libArduinoCore.a(main.o)
 .data          0x00000000        0x0 C:\Users\Porama6400\Documents\Project\Atmel Studio\PLSR Firmware\PLSR\ArduinoCore\Debug\libArduinoCore.a(main.o)
 .bss           0x00000000        0x0 C:\Users\Porama6400\Documents\Project\Atmel Studio\PLSR Firmware\PLSR\ArduinoCore\Debug\libArduinoCore.a(main.o)
 .text.atexit   0x00000000        0x6 C:\Users\Porama6400\Documents\Project\Atmel Studio\PLSR Firmware\PLSR\ArduinoCore\Debug\libArduinoCore.a(main.o)
 .text._Z8setupUSBv
                0x00000000        0x2 C:\Users\Porama6400\Documents\Project\Atmel Studio\PLSR Firmware\PLSR\ArduinoCore\Debug\libArduinoCore.a(main.o)
 .group         0x00000000        0x8 C:\Users\Porama6400\Documents\Project\Atmel Studio\PLSR Firmware\PLSR\ArduinoCore\Debug\libArduinoCore.a(Print.o)
 .group         0x00000000        0x8 C:\Users\Porama6400\Documents\Project\Atmel Studio\PLSR Firmware\PLSR\ArduinoCore\Debug\libArduinoCore.a(Print.o)
 .group         0x00000000        0x8 C:\Users\Porama6400\Documents\Project\Atmel Studio\PLSR Firmware\PLSR\ArduinoCore\Debug\libArduinoCore.a(Print.o)
 .group         0x00000000        0x8 C:\Users\Porama6400\Documents\Project\Atmel Studio\PLSR Firmware\PLSR\ArduinoCore\Debug\libArduinoCore.a(Print.o)
 .text          0x00000000        0x0 C:\Users\Porama6400\Documents\Project\Atmel Studio\PLSR Firmware\PLSR\ArduinoCore\Debug\libArduinoCore.a(Print.o)
 .data          0x00000000        0x0 C:\Users\Porama6400\Documents\Project\Atmel Studio\PLSR Firmware\PLSR\ArduinoCore\Debug\libArduinoCore.a(Print.o)
 .bss           0x00000000        0x0 C:\Users\Porama6400\Documents\Project\Atmel Studio\PLSR Firmware\PLSR\ArduinoCore\Debug\libArduinoCore.a(Print.o)
 .text._ZN5Print5printERK6String
                0x00000000       0x1c C:\Users\Porama6400\Documents\Project\Atmel Studio\PLSR Firmware\PLSR\ArduinoCore\Debug\libArduinoCore.a(Print.o)
 .text._ZN5Print5printERK9Printable
                0x00000000       0x14 C:\Users\Porama6400\Documents\Project\Atmel Studio\PLSR Firmware\PLSR\ArduinoCore\Debug\libArduinoCore.a(Print.o)
 .text._ZN5Print7printlnEv
                0x00000000        0x8 C:\Users\Porama6400\Documents\Project\Atmel Studio\PLSR Firmware\PLSR\ArduinoCore\Debug\libArduinoCore.a(Print.o)
 .text._ZN5Print7printlnEPK19__FlashStringHelper
                0x00000000       0x24 C:\Users\Porama6400\Documents\Project\Atmel Studio\PLSR Firmware\PLSR\ArduinoCore\Debug\libArduinoCore.a(Print.o)
 .text._ZN5Print7printlnERK6String
                0x00000000       0x24 C:\Users\Porama6400\Documents\Project\Atmel Studio\PLSR Firmware\PLSR\ArduinoCore\Debug\libArduinoCore.a(Print.o)
 .text._ZN5Print7printlnEPKc
                0x00000000       0x24 C:\Users\Porama6400\Documents\Project\Atmel Studio\PLSR Firmware\PLSR\ArduinoCore\Debug\libArduinoCore.a(Print.o)
 .text._ZN5Print7printlnEc
                0x00000000       0x24 C:\Users\Porama6400\Documents\Project\Atmel Studio\PLSR Firmware\PLSR\ArduinoCore\Debug\libArduinoCore.a(Print.o)
 .text._ZN5Print7printlnERK9Printable
                0x00000000       0x24 C:\Users\Porama6400\Documents\Project\Atmel Studio\PLSR Firmware\PLSR\ArduinoCore\Debug\libArduinoCore.a(Print.o)
 .text._ZN5Print5printEhi
                0x00000000        0xe C:\Users\Porama6400\Documents\Project\Atmel Studio\PLSR Firmware\PLSR\ArduinoCore\Debug\libArduinoCore.a(Print.o)
 .text._ZN5Print7printlnEhi
                0x00000000       0x24 C:\Users\Porama6400\Documents\Project\Atmel Studio\PLSR Firmware\PLSR\ArduinoCore\Debug\libArduinoCore.a(Print.o)
 .text._ZN5Print7printlnEji
                0x00000000       0x24 C:\Users\Porama6400\Documents\Project\Atmel Studio\PLSR Firmware\PLSR\ArduinoCore\Debug\libArduinoCore.a(Print.o)
 .text._ZN5Print7printlnEmi
                0x00000000       0x24 C:\Users\Porama6400\Documents\Project\Atmel Studio\PLSR Firmware\PLSR\ArduinoCore\Debug\libArduinoCore.a(Print.o)
 .text._ZN5Print5printEli
                0x00000000       0x90 C:\Users\Porama6400\Documents\Project\Atmel Studio\PLSR Firmware\PLSR\ArduinoCore\Debug\libArduinoCore.a(Print.o)
 .text._ZN5Print5printEii
                0x00000000        0xe C:\Users\Porama6400\Documents\Project\Atmel Studio\PLSR Firmware\PLSR\ArduinoCore\Debug\libArduinoCore.a(Print.o)
 .text._ZN5Print7printlnEii
                0x00000000       0x24 C:\Users\Porama6400\Documents\Project\Atmel Studio\PLSR Firmware\PLSR\ArduinoCore\Debug\libArduinoCore.a(Print.o)
 .text._ZN5Print7printlnEli
                0x00000000       0x24 C:\Users\Porama6400\Documents\Project\Atmel Studio\PLSR Firmware\PLSR\ArduinoCore\Debug\libArduinoCore.a(Print.o)
 .text._ZN5Print7printlnEdi
                0x00000000       0x24 C:\Users\Porama6400\Documents\Project\Atmel Studio\PLSR Firmware\PLSR\ArduinoCore\Debug\libArduinoCore.a(Print.o)
 .rodata._ZTV5Print
                0x00000000        0xc C:\Users\Porama6400\Documents\Project\Atmel Studio\PLSR Firmware\PLSR\ArduinoCore\Debug\libArduinoCore.a(Print.o)
 .text          0x00000000        0x0 C:\Users\Porama6400\Documents\Project\Atmel Studio\PLSR Firmware\PLSR\ArduinoCore\Debug\libArduinoCore.a(wiring.o)
 .data          0x00000000        0x0 C:\Users\Porama6400\Documents\Project\Atmel Studio\PLSR Firmware\PLSR\ArduinoCore\Debug\libArduinoCore.a(wiring.o)
 .bss           0x00000000        0x0 C:\Users\Porama6400\Documents\Project\Atmel Studio\PLSR Firmware\PLSR\ArduinoCore\Debug\libArduinoCore.a(wiring.o)
 .text          0x00000000        0x0 C:\Users\Porama6400\Documents\Project\Atmel Studio\PLSR Firmware\PLSR\ArduinoCore\Debug\libArduinoCore.a(wiring_digital.o)
 .data          0x00000000        0x0 C:\Users\Porama6400\Documents\Project\Atmel Studio\PLSR Firmware\PLSR\ArduinoCore\Debug\libArduinoCore.a(wiring_digital.o)
 .bss           0x00000000        0x0 C:\Users\Porama6400\Documents\Project\Atmel Studio\PLSR Firmware\PLSR\ArduinoCore\Debug\libArduinoCore.a(wiring_digital.o)
 .group         0x00000000        0x8 C:\Users\Porama6400\Documents\Project\Atmel Studio\PLSR Firmware\PLSR\ArduinoCore\Debug\libArduinoCore.a(LiquidCrystal.o)
 .group         0x00000000        0x8 C:\Users\Porama6400\Documents\Project\Atmel Studio\PLSR Firmware\PLSR\ArduinoCore\Debug\libArduinoCore.a(LiquidCrystal.o)
 .group         0x00000000        0x8 C:\Users\Porama6400\Documents\Project\Atmel Studio\PLSR Firmware\PLSR\ArduinoCore\Debug\libArduinoCore.a(LiquidCrystal.o)
 .group         0x00000000        0x8 C:\Users\Porama6400\Documents\Project\Atmel Studio\PLSR Firmware\PLSR\ArduinoCore\Debug\libArduinoCore.a(LiquidCrystal.o)
 .group         0x00000000        0x8 C:\Users\Porama6400\Documents\Project\Atmel Studio\PLSR Firmware\PLSR\ArduinoCore\Debug\libArduinoCore.a(LiquidCrystal.o)
 .text          0x00000000        0x0 C:\Users\Porama6400\Documents\Project\Atmel Studio\PLSR Firmware\PLSR\ArduinoCore\Debug\libArduinoCore.a(LiquidCrystal.o)
 .data          0x00000000        0x0 C:\Users\Porama6400\Documents\Project\Atmel Studio\PLSR Firmware\PLSR\ArduinoCore\Debug\libArduinoCore.a(LiquidCrystal.o)
 .bss           0x00000000        0x0 C:\Users\Porama6400\Documents\Project\Atmel Studio\PLSR Firmware\PLSR\ArduinoCore\Debug\libArduinoCore.a(LiquidCrystal.o)
 .text._ZN5Print17availableForWriteEv
                0x00000000        0x6 C:\Users\Porama6400\Documents\Project\Atmel Studio\PLSR Firmware\PLSR\ArduinoCore\Debug\libArduinoCore.a(LiquidCrystal.o)
 .text._ZN5Print5flushEv
                0x00000000        0x2 C:\Users\Porama6400\Documents\Project\Atmel Studio\PLSR Firmware\PLSR\ArduinoCore\Debug\libArduinoCore.a(LiquidCrystal.o)
 .text._ZN13LiquidCrystal13setRowOffsetsEiiii
                0x00000000       0x10 C:\Users\Porama6400\Documents\Project\Atmel Studio\PLSR Firmware\PLSR\ArduinoCore\Debug\libArduinoCore.a(LiquidCrystal.o)
 .text._ZN13LiquidCrystal4homeEv
                0x00000000        0xe C:\Users\Porama6400\Documents\Project\Atmel Studio\PLSR Firmware\PLSR\ArduinoCore\Debug\libArduinoCore.a(LiquidCrystal.o)
 .text._ZN13LiquidCrystal9noDisplayEv
                0x00000000        0xe C:\Users\Porama6400\Documents\Project\Atmel Studio\PLSR Firmware\PLSR\ArduinoCore\Debug\libArduinoCore.a(LiquidCrystal.o)
 .text._ZN13LiquidCrystal4initEhhhhhhhhhhhh
                0x00000000       0x58 C:\Users\Porama6400\Documents\Project\Atmel Studio\PLSR Firmware\PLSR\ArduinoCore\Debug\libArduinoCore.a(LiquidCrystal.o)
 .text._ZN13LiquidCrystalC2Ehhhhhhhhhhh
                0x00000000       0x5a C:\Users\Porama6400\Documents\Project\Atmel Studio\PLSR Firmware\PLSR\ArduinoCore\Debug\libArduinoCore.a(LiquidCrystal.o)
 .text._ZN13LiquidCrystalC2Ehhhhhhhhhh
                0x00000000       0x5a C:\Users\Porama6400\Documents\Project\Atmel Studio\PLSR Firmware\PLSR\ArduinoCore\Debug\libArduinoCore.a(LiquidCrystal.o)
 .text._ZN13LiquidCrystalC2Ehhhhhhh
                0x00000000       0x42 C:\Users\Porama6400\Documents\Project\Atmel Studio\PLSR Firmware\PLSR\ArduinoCore\Debug\libArduinoCore.a(LiquidCrystal.o)
 .text._ZN13LiquidCrystal8noCursorEv
                0x00000000        0xe C:\Users\Porama6400\Documents\Project\Atmel Studio\PLSR Firmware\PLSR\ArduinoCore\Debug\libArduinoCore.a(LiquidCrystal.o)
 .text._ZN13LiquidCrystal6cursorEv
                0x00000000       0x10 C:\Users\Porama6400\Documents\Project\Atmel Studio\PLSR Firmware\PLSR\ArduinoCore\Debug\libArduinoCore.a(LiquidCrystal.o)
 .text._ZN13LiquidCrystal7noBlinkEv
                0x00000000        0xe C:\Users\Porama6400\Documents\Project\Atmel Studio\PLSR Firmware\PLSR\ArduinoCore\Debug\libArduinoCore.a(LiquidCrystal.o)
 .text._ZN13LiquidCrystal5blinkEv
                0x00000000       0x10 C:\Users\Porama6400\Documents\Project\Atmel Studio\PLSR Firmware\PLSR\ArduinoCore\Debug\libArduinoCore.a(LiquidCrystal.o)
 .text._ZN13LiquidCrystal17scrollDisplayLeftEv
                0x00000000        0x6 C:\Users\Porama6400\Documents\Project\Atmel Studio\PLSR Firmware\PLSR\ArduinoCore\Debug\libArduinoCore.a(LiquidCrystal.o)
 .text._ZN13LiquidCrystal18scrollDisplayRightEv
                0x00000000        0x6 C:\Users\Porama6400\Documents\Project\Atmel Studio\PLSR Firmware\PLSR\ArduinoCore\Debug\libArduinoCore.a(LiquidCrystal.o)
 .text._ZN13LiquidCrystal11leftToRightEv
                0x00000000       0x10 C:\Users\Porama6400\Documents\Project\Atmel Studio\PLSR Firmware\PLSR\ArduinoCore\Debug\libArduinoCore.a(LiquidCrystal.o)
 .text._ZN13LiquidCrystal11rightToLeftEv
                0x00000000        0xe C:\Users\Porama6400\Documents\Project\Atmel Studio\PLSR Firmware\PLSR\ArduinoCore\Debug\libArduinoCore.a(LiquidCrystal.o)
 .text._ZN13LiquidCrystal10autoscrollEv
                0x00000000       0x10 C:\Users\Porama6400\Documents\Project\Atmel Studio\PLSR Firmware\PLSR\ArduinoCore\Debug\libArduinoCore.a(LiquidCrystal.o)
 .text._ZN13LiquidCrystal12noAutoscrollEv
                0x00000000        0xe C:\Users\Porama6400\Documents\Project\Atmel Studio\PLSR Firmware\PLSR\ArduinoCore\Debug\libArduinoCore.a(LiquidCrystal.o)
 .text._ZN13LiquidCrystal10createCharEhPh
                0x00000000       0x50 C:\Users\Porama6400\Documents\Project\Atmel Studio\PLSR Firmware\PLSR\ArduinoCore\Debug\libArduinoCore.a(LiquidCrystal.o)
 .text          0x00000000        0x0 C:\Users\Porama6400\Documents\Project\Atmel Studio\PLSR Firmware\PLSR\ArduinoCore\Debug\libArduinoCore.a(Rotary.o)
 .data          0x00000000        0x0 C:\Users\Porama6400\Documents\Project\Atmel Studio\PLSR Firmware\PLSR\ArduinoCore\Debug\libArduinoCore.a(Rotary.o)
 .bss           0x00000000        0x0 C:\Users\Porama6400\Documents\Project\Atmel Studio\PLSR Firmware\PLSR\ArduinoCore\Debug\libArduinoCore.a(Rotary.o)
 .text          0x00000000        0x0 C:\Users\Porama6400\Documents\Project\Atmel Studio\PLSR Firmware\PLSR\ArduinoCore\Debug\libArduinoCore.a(abi.o)
 .data          0x00000000        0x0 C:\Users\Porama6400\Documents\Project\Atmel Studio\PLSR Firmware\PLSR\ArduinoCore\Debug\libArduinoCore.a(abi.o)
 .bss           0x00000000        0x0 C:\Users\Porama6400\Documents\Project\Atmel Studio\PLSR Firmware\PLSR\ArduinoCore\Debug\libArduinoCore.a(abi.o)
 .text.__cxa_pure_virtual
                0x00000000        0x4 C:\Users\Porama6400\Documents\Project\Atmel Studio\PLSR Firmware\PLSR\ArduinoCore\Debug\libArduinoCore.a(abi.o)
 .text.__cxa_deleted_virtual
                0x00000000        0x4 C:\Users\Porama6400\Documents\Project\Atmel Studio\PLSR Firmware\PLSR\ArduinoCore\Debug\libArduinoCore.a(abi.o)
 .debug_info    0x00000000       0x76 C:\Users\Porama6400\Documents\Project\Atmel Studio\PLSR Firmware\PLSR\ArduinoCore\Debug\libArduinoCore.a(abi.o)
 .debug_abbrev  0x00000000       0x6d C:\Users\Porama6400\Documents\Project\Atmel Studio\PLSR Firmware\PLSR\ArduinoCore\Debug\libArduinoCore.a(abi.o)
 .debug_aranges
                0x00000000       0x20 C:\Users\Porama6400\Documents\Project\Atmel Studio\PLSR Firmware\PLSR\ArduinoCore\Debug\libArduinoCore.a(abi.o)
 .debug_ranges  0x00000000       0x10 C:\Users\Porama6400\Documents\Project\Atmel Studio\PLSR Firmware\PLSR\ArduinoCore\Debug\libArduinoCore.a(abi.o)
 .debug_line    0x00000000       0xa3 C:\Users\Porama6400\Documents\Project\Atmel Studio\PLSR Firmware\PLSR\ArduinoCore\Debug\libArduinoCore.a(abi.o)
 .debug_str     0x00000000      0x1ac C:\Users\Porama6400\Documents\Project\Atmel Studio\PLSR Firmware\PLSR\ArduinoCore\Debug\libArduinoCore.a(abi.o)
 .comment       0x00000000       0x31 C:\Users\Porama6400\Documents\Project\Atmel Studio\PLSR Firmware\PLSR\ArduinoCore\Debug\libArduinoCore.a(abi.o)
 .debug_frame   0x00000000       0x34 C:\Users\Porama6400\Documents\Project\Atmel Studio\PLSR Firmware\PLSR\ArduinoCore\Debug\libArduinoCore.a(abi.o)
 .text          0x00000000        0x0 C:\Users\Porama6400\Documents\Project\Atmel Studio\PLSR Firmware\PLSR\ArduinoCore\Debug\libArduinoCore.a(hooks.o)
 .data          0x00000000        0x0 C:\Users\Porama6400\Documents\Project\Atmel Studio\PLSR Firmware\PLSR\ArduinoCore\Debug\libArduinoCore.a(hooks.o)
 .bss           0x00000000        0x0 C:\Users\Porama6400\Documents\Project\Atmel Studio\PLSR Firmware\PLSR\ArduinoCore\Debug\libArduinoCore.a(hooks.o)
 .text          0x00000000        0x0 d:/program files/atmel studio/7.0/toolchain/avr8/avr8-gnu-toolchain/bin/../lib/gcc/avr/5.4.0/../../../../avr/lib/avr5\libm.a(fixunssfsi.o)
 .data          0x00000000        0x0 d:/program files/atmel studio/7.0/toolchain/avr8/avr8-gnu-toolchain/bin/../lib/gcc/avr/5.4.0/../../../../avr/lib/avr5\libm.a(fixunssfsi.o)
 .bss           0x00000000        0x0 d:/program files/atmel studio/7.0/toolchain/avr8/avr8-gnu-toolchain/bin/../lib/gcc/avr/5.4.0/../../../../avr/lib/avr5\libm.a(fixunssfsi.o)
 .text          0x00000000        0x0 d:/program files/atmel studio/7.0/toolchain/avr8/avr8-gnu-toolchain/bin/../lib/gcc/avr/5.4.0/../../../../avr/lib/avr5\libm.a(unordsf2.o)
 .data          0x00000000        0x0 d:/program files/atmel studio/7.0/toolchain/avr8/avr8-gnu-toolchain/bin/../lib/gcc/avr/5.4.0/../../../../avr/lib/avr5\libm.a(unordsf2.o)
 .bss           0x00000000        0x0 d:/program files/atmel studio/7.0/toolchain/avr8/avr8-gnu-toolchain/bin/../lib/gcc/avr/5.4.0/../../../../avr/lib/avr5\libm.a(unordsf2.o)
 .text          0x00000000        0x0 d:/program files/atmel studio/7.0/toolchain/avr8/avr8-gnu-toolchain/bin/../lib/gcc/avr/5.4.0/avr5\libgcc.a(_udivmodsi4.o)
 .data          0x00000000        0x0 d:/program files/atmel studio/7.0/toolchain/avr8/avr8-gnu-toolchain/bin/../lib/gcc/avr/5.4.0/avr5\libgcc.a(_udivmodsi4.o)
 .bss           0x00000000        0x0 d:/program files/atmel studio/7.0/toolchain/avr8/avr8-gnu-toolchain/bin/../lib/gcc/avr/5.4.0/avr5\libgcc.a(_udivmodsi4.o)
 .text.libgcc.mul
                0x00000000        0x0 d:/program files/atmel studio/7.0/toolchain/avr8/avr8-gnu-toolchain/bin/../lib/gcc/avr/5.4.0/avr5\libgcc.a(_udivmodsi4.o)
 .text.libgcc   0x00000000        0x0 d:/program files/atmel studio/7.0/toolchain/avr8/avr8-gnu-toolchain/bin/../lib/gcc/avr/5.4.0/avr5\libgcc.a(_udivmodsi4.o)
 .text.libgcc.prologue
                0x00000000        0x0 d:/program files/atmel studio/7.0/toolchain/avr8/avr8-gnu-toolchain/bin/../lib/gcc/avr/5.4.0/avr5\libgcc.a(_udivmodsi4.o)
 .text.libgcc.builtins
                0x00000000        0x0 d:/program files/atmel studio/7.0/toolchain/avr8/avr8-gnu-toolchain/bin/../lib/gcc/avr/5.4.0/avr5\libgcc.a(_udivmodsi4.o)
 .text.libgcc.fmul
                0x00000000        0x0 d:/program files/atmel studio/7.0/toolchain/avr8/avr8-gnu-toolchain/bin/../lib/gcc/avr/5.4.0/avr5\libgcc.a(_udivmodsi4.o)
 .text.libgcc.fixed
                0x00000000        0x0 d:/program files/atmel studio/7.0/toolchain/avr8/avr8-gnu-toolchain/bin/../lib/gcc/avr/5.4.0/avr5\libgcc.a(_udivmodsi4.o)
 .text          0x00000000        0x0 d:/program files/atmel studio/7.0/toolchain/avr8/avr8-gnu-toolchain/bin/../lib/gcc/avr/5.4.0/avr5\libgcc.a(_divmodsi4.o)
 .data          0x00000000        0x0 d:/program files/atmel studio/7.0/toolchain/avr8/avr8-gnu-toolchain/bin/../lib/gcc/avr/5.4.0/avr5\libgcc.a(_divmodsi4.o)
 .bss           0x00000000        0x0 d:/program files/atmel studio/7.0/toolchain/avr8/avr8-gnu-toolchain/bin/../lib/gcc/avr/5.4.0/avr5\libgcc.a(_divmodsi4.o)
 .text.libgcc.mul
                0x00000000        0x0 d:/program files/atmel studio/7.0/toolchain/avr8/avr8-gnu-toolchain/bin/../lib/gcc/avr/5.4.0/avr5\libgcc.a(_divmodsi4.o)
 .text.libgcc   0x00000000        0x0 d:/program files/atmel studio/7.0/toolchain/avr8/avr8-gnu-toolchain/bin/../lib/gcc/avr/5.4.0/avr5\libgcc.a(_divmodsi4.o)
 .text.libgcc.prologue
                0x00000000        0x0 d:/program files/atmel studio/7.0/toolchain/avr8/avr8-gnu-toolchain/bin/../lib/gcc/avr/5.4.0/avr5\libgcc.a(_divmodsi4.o)
 .text.libgcc.builtins
                0x00000000        0x0 d:/program files/atmel studio/7.0/toolchain/avr8/avr8-gnu-toolchain/bin/../lib/gcc/avr/5.4.0/avr5\libgcc.a(_divmodsi4.o)
 .text.libgcc.fmul
                0x00000000        0x0 d:/program files/atmel studio/7.0/toolchain/avr8/avr8-gnu-toolchain/bin/../lib/gcc/avr/5.4.0/avr5\libgcc.a(_divmodsi4.o)
 .text.libgcc.fixed
                0x00000000        0x0 d:/program files/atmel studio/7.0/toolchain/avr8/avr8-gnu-toolchain/bin/../lib/gcc/avr/5.4.0/avr5\libgcc.a(_divmodsi4.o)
 .text          0x00000000        0x0 d:/program files/atmel studio/7.0/toolchain/avr8/avr8-gnu-toolchain/bin/../lib/gcc/avr/5.4.0/avr5\libgcc.a(_negsi2.o)
 .data          0x00000000        0x0 d:/program files/atmel studio/7.0/toolchain/avr8/avr8-gnu-toolchain/bin/../lib/gcc/avr/5.4.0/avr5\libgcc.a(_negsi2.o)
 .bss           0x00000000        0x0 d:/program files/atmel studio/7.0/toolchain/avr8/avr8-gnu-toolchain/bin/../lib/gcc/avr/5.4.0/avr5\libgcc.a(_negsi2.o)
 .text.libgcc.mul
                0x00000000        0x0 d:/program files/atmel studio/7.0/toolchain/avr8/avr8-gnu-toolchain/bin/../lib/gcc/avr/5.4.0/avr5\libgcc.a(_negsi2.o)
 .text.libgcc   0x00000000        0x0 d:/program files/atmel studio/7.0/toolchain/avr8/avr8-gnu-toolchain/bin/../lib/gcc/avr/5.4.0/avr5\libgcc.a(_negsi2.o)
 .text.libgcc.prologue
                0x00000000        0x0 d:/program files/atmel studio/7.0/toolchain/avr8/avr8-gnu-toolchain/bin/../lib/gcc/avr/5.4.0/avr5\libgcc.a(_negsi2.o)
 .text.libgcc.builtins
                0x00000000        0x0 d:/program files/atmel studio/7.0/toolchain/avr8/avr8-gnu-toolchain/bin/../lib/gcc/avr/5.4.0/avr5\libgcc.a(_negsi2.o)
 .text.libgcc.fmul
                0x00000000        0x0 d:/program files/atmel studio/7.0/toolchain/avr8/avr8-gnu-toolchain/bin/../lib/gcc/avr/5.4.0/avr5\libgcc.a(_negsi2.o)
 .text.libgcc.fixed
                0x00000000        0x0 d:/program files/atmel studio/7.0/toolchain/avr8/avr8-gnu-toolchain/bin/../lib/gcc/avr/5.4.0/avr5\libgcc.a(_negsi2.o)
 .text          0x00000000        0x0 d:/program files/atmel studio/7.0/toolchain/avr8/avr8-gnu-toolchain/bin/../lib/gcc/avr/5.4.0/avr5\libgcc.a(_exit.o)
 .data          0x00000000        0x0 d:/program files/atmel studio/7.0/toolchain/avr8/avr8-gnu-toolchain/bin/../lib/gcc/avr/5.4.0/avr5\libgcc.a(_exit.o)
 .bss           0x00000000        0x0 d:/program files/atmel studio/7.0/toolchain/avr8/avr8-gnu-toolchain/bin/../lib/gcc/avr/5.4.0/avr5\libgcc.a(_exit.o)
 .text.libgcc.mul
                0x00000000        0x0 d:/program files/atmel studio/7.0/toolchain/avr8/avr8-gnu-toolchain/bin/../lib/gcc/avr/5.4.0/avr5\libgcc.a(_exit.o)
 .text.libgcc.div
                0x00000000        0x0 d:/program files/atmel studio/7.0/toolchain/avr8/avr8-gnu-toolchain/bin/../lib/gcc/avr/5.4.0/avr5\libgcc.a(_exit.o)
 .text.libgcc   0x00000000        0x0 d:/program files/atmel studio/7.0/toolchain/avr8/avr8-gnu-toolchain/bin/../lib/gcc/avr/5.4.0/avr5\libgcc.a(_exit.o)
 .text.libgcc.prologue
                0x00000000        0x0 d:/program files/atmel studio/7.0/toolchain/avr8/avr8-gnu-toolchain/bin/../lib/gcc/avr/5.4.0/avr5\libgcc.a(_exit.o)
 .text.libgcc.builtins
                0x00000000        0x0 d:/program files/atmel studio/7.0/toolchain/avr8/avr8-gnu-toolchain/bin/../lib/gcc/avr/5.4.0/avr5\libgcc.a(_exit.o)
 .text.libgcc.fmul
                0x00000000        0x0 d:/program files/atmel studio/7.0/toolchain/avr8/avr8-gnu-toolchain/bin/../lib/gcc/avr/5.4.0/avr5\libgcc.a(_exit.o)
 .text.libgcc.fixed
                0x00000000        0x0 d:/program files/atmel studio/7.0/toolchain/avr8/avr8-gnu-toolchain/bin/../lib/gcc/avr/5.4.0/avr5\libgcc.a(_exit.o)
 .text          0x00000000        0x0 d:/program files/atmel studio/7.0/toolchain/avr8/avr8-gnu-toolchain/bin/../lib/gcc/avr/5.4.0/avr5\libgcc.a(_copy_data.o)
 .data          0x00000000        0x0 d:/program files/atmel studio/7.0/toolchain/avr8/avr8-gnu-toolchain/bin/../lib/gcc/avr/5.4.0/avr5\libgcc.a(_copy_data.o)
 .bss           0x00000000        0x0 d:/program files/atmel studio/7.0/toolchain/avr8/avr8-gnu-toolchain/bin/../lib/gcc/avr/5.4.0/avr5\libgcc.a(_copy_data.o)
 .text.libgcc.mul
                0x00000000        0x0 d:/program files/atmel studio/7.0/toolchain/avr8/avr8-gnu-toolchain/bin/../lib/gcc/avr/5.4.0/avr5\libgcc.a(_copy_data.o)
 .text.libgcc.div
                0x00000000        0x0 d:/program files/atmel studio/7.0/toolchain/avr8/avr8-gnu-toolchain/bin/../lib/gcc/avr/5.4.0/avr5\libgcc.a(_copy_data.o)
 .text.libgcc   0x00000000        0x0 d:/program files/atmel studio/7.0/toolchain/avr8/avr8-gnu-toolchain/bin/../lib/gcc/avr/5.4.0/avr5\libgcc.a(_copy_data.o)
 .text.libgcc.prologue
                0x00000000        0x0 d:/program files/atmel studio/7.0/toolchain/avr8/avr8-gnu-toolchain/bin/../lib/gcc/avr/5.4.0/avr5\libgcc.a(_copy_data.o)
 .text.libgcc.builtins
                0x00000000        0x0 d:/program files/atmel studio/7.0/toolchain/avr8/avr8-gnu-toolchain/bin/../lib/gcc/avr/5.4.0/avr5\libgcc.a(_copy_data.o)
 .text.libgcc.fmul
                0x00000000        0x0 d:/program files/atmel studio/7.0/toolchain/avr8/avr8-gnu-toolchain/bin/../lib/gcc/avr/5.4.0/avr5\libgcc.a(_copy_data.o)
 .text.libgcc.fixed
                0x00000000        0x0 d:/program files/atmel studio/7.0/toolchain/avr8/avr8-gnu-toolchain/bin/../lib/gcc/avr/5.4.0/avr5\libgcc.a(_copy_data.o)
 .text          0x00000000        0x0 d:/program files/atmel studio/7.0/toolchain/avr8/avr8-gnu-toolchain/bin/../lib/gcc/avr/5.4.0/avr5\libgcc.a(_clear_bss.o)
 .data          0x00000000        0x0 d:/program files/atmel studio/7.0/toolchain/avr8/avr8-gnu-toolchain/bin/../lib/gcc/avr/5.4.0/avr5\libgcc.a(_clear_bss.o)
 .bss           0x00000000        0x0 d:/program files/atmel studio/7.0/toolchain/avr8/avr8-gnu-toolchain/bin/../lib/gcc/avr/5.4.0/avr5\libgcc.a(_clear_bss.o)
 .text.libgcc.mul
                0x00000000        0x0 d:/program files/atmel studio/7.0/toolchain/avr8/avr8-gnu-toolchain/bin/../lib/gcc/avr/5.4.0/avr5\libgcc.a(_clear_bss.o)
 .text.libgcc.div
                0x00000000        0x0 d:/program files/atmel studio/7.0/toolchain/avr8/avr8-gnu-toolchain/bin/../lib/gcc/avr/5.4.0/avr5\libgcc.a(_clear_bss.o)
 .text.libgcc   0x00000000        0x0 d:/program files/atmel studio/7.0/toolchain/avr8/avr8-gnu-toolchain/bin/../lib/gcc/avr/5.4.0/avr5\libgcc.a(_clear_bss.o)
 .text.libgcc.prologue
                0x00000000        0x0 d:/program files/atmel studio/7.0/toolchain/avr8/avr8-gnu-toolchain/bin/../lib/gcc/avr/5.4.0/avr5\libgcc.a(_clear_bss.o)
 .text.libgcc.builtins
                0x00000000        0x0 d:/program files/atmel studio/7.0/toolchain/avr8/avr8-gnu-toolchain/bin/../lib/gcc/avr/5.4.0/avr5\libgcc.a(_clear_bss.o)
 .text.libgcc.fmul
                0x00000000        0x0 d:/program files/atmel studio/7.0/toolchain/avr8/avr8-gnu-toolchain/bin/../lib/gcc/avr/5.4.0/avr5\libgcc.a(_clear_bss.o)
 .text.libgcc.fixed
                0x00000000        0x0 d:/program files/atmel studio/7.0/toolchain/avr8/avr8-gnu-toolchain/bin/../lib/gcc/avr/5.4.0/avr5\libgcc.a(_clear_bss.o)
 .text          0x00000000        0x0 d:/program files/atmel studio/7.0/toolchain/avr8/avr8-gnu-toolchain/bin/../lib/gcc/avr/5.4.0/avr5\libgcc.a(_ctors.o)
 .data          0x00000000        0x0 d:/program files/atmel studio/7.0/toolchain/avr8/avr8-gnu-toolchain/bin/../lib/gcc/avr/5.4.0/avr5\libgcc.a(_ctors.o)
 .bss           0x00000000        0x0 d:/program files/atmel studio/7.0/toolchain/avr8/avr8-gnu-toolchain/bin/../lib/gcc/avr/5.4.0/avr5\libgcc.a(_ctors.o)
 .text.libgcc.mul
                0x00000000        0x0 d:/program files/atmel studio/7.0/toolchain/avr8/avr8-gnu-toolchain/bin/../lib/gcc/avr/5.4.0/avr5\libgcc.a(_ctors.o)
 .text.libgcc.div
                0x00000000        0x0 d:/program files/atmel studio/7.0/toolchain/avr8/avr8-gnu-toolchain/bin/../lib/gcc/avr/5.4.0/avr5\libgcc.a(_ctors.o)
 .text.libgcc   0x00000000        0x0 d:/program files/atmel studio/7.0/toolchain/avr8/avr8-gnu-toolchain/bin/../lib/gcc/avr/5.4.0/avr5\libgcc.a(_ctors.o)
 .text.libgcc.prologue
                0x00000000        0x0 d:/program files/atmel studio/7.0/toolchain/avr8/avr8-gnu-toolchain/bin/../lib/gcc/avr/5.4.0/avr5\libgcc.a(_ctors.o)
 .text.libgcc.builtins
                0x00000000        0x0 d:/program files/atmel studio/7.0/toolchain/avr8/avr8-gnu-toolchain/bin/../lib/gcc/avr/5.4.0/avr5\libgcc.a(_ctors.o)
 .text.libgcc.fmul
                0x00000000        0x0 d:/program files/atmel studio/7.0/toolchain/avr8/avr8-gnu-toolchain/bin/../lib/gcc/avr/5.4.0/avr5\libgcc.a(_ctors.o)
 .text.libgcc.fixed
                0x00000000        0x0 d:/program files/atmel studio/7.0/toolchain/avr8/avr8-gnu-toolchain/bin/../lib/gcc/avr/5.4.0/avr5\libgcc.a(_ctors.o)
 .text          0x00000000        0x0 d:/program files/atmel studio/7.0/toolchain/avr8/avr8-gnu-toolchain/bin/../lib/gcc/avr/5.4.0/avr5\libgcc.a(_tablejump2.o)
 .data          0x00000000        0x0 d:/program files/atmel studio/7.0/toolchain/avr8/avr8-gnu-toolchain/bin/../lib/gcc/avr/5.4.0/avr5\libgcc.a(_tablejump2.o)
 .bss           0x00000000        0x0 d:/program files/atmel studio/7.0/toolchain/avr8/avr8-gnu-toolchain/bin/../lib/gcc/avr/5.4.0/avr5\libgcc.a(_tablejump2.o)
 .text.libgcc.mul
                0x00000000        0x0 d:/program files/atmel studio/7.0/toolchain/avr8/avr8-gnu-toolchain/bin/../lib/gcc/avr/5.4.0/avr5\libgcc.a(_tablejump2.o)
 .text.libgcc.div
                0x00000000        0x0 d:/program files/atmel studio/7.0/toolchain/avr8/avr8-gnu-toolchain/bin/../lib/gcc/avr/5.4.0/avr5\libgcc.a(_tablejump2.o)
 .text.libgcc.prologue
                0x00000000        0x0 d:/program files/atmel studio/7.0/toolchain/avr8/avr8-gnu-toolchain/bin/../lib/gcc/avr/5.4.0/avr5\libgcc.a(_tablejump2.o)
 .text.libgcc.builtins
                0x00000000        0x0 d:/program files/atmel studio/7.0/toolchain/avr8/avr8-gnu-toolchain/bin/../lib/gcc/avr/5.4.0/avr5\libgcc.a(_tablejump2.o)
 .text.libgcc.fmul
                0x00000000        0x0 d:/program files/atmel studio/7.0/toolchain/avr8/avr8-gnu-toolchain/bin/../lib/gcc/avr/5.4.0/avr5\libgcc.a(_tablejump2.o)
 .text.libgcc.fixed
                0x00000000        0x0 d:/program files/atmel studio/7.0/toolchain/avr8/avr8-gnu-toolchain/bin/../lib/gcc/avr/5.4.0/avr5\libgcc.a(_tablejump2.o)
 .text          0x00000000        0x0 d:/program files/atmel studio/7.0/toolchain/avr8/avr8-gnu-toolchain/bin/../lib/gcc/avr/5.4.0/../../../../avr/lib/avr5\libc.a(abort.o)
 .data          0x00000000        0x0 d:/program files/atmel studio/7.0/toolchain/avr8/avr8-gnu-toolchain/bin/../lib/gcc/avr/5.4.0/../../../../avr/lib/avr5\libc.a(abort.o)
 .bss           0x00000000        0x0 d:/program files/atmel studio/7.0/toolchain/avr8/avr8-gnu-toolchain/bin/../lib/gcc/avr/5.4.0/../../../../avr/lib/avr5\libc.a(abort.o)
 .text.avr-libc
                0x00000000        0xa d:/program files/atmel studio/7.0/toolchain/avr8/avr8-gnu-toolchain/bin/../lib/gcc/avr/5.4.0/../../../../avr/lib/avr5\libc.a(abort.o)

Memory Configuration

Name             Origin             Length             Attributes
text             0x00000000         0x00020000         xr
data             0x00800060         0x0000ffa0         rw !x
eeprom           0x00810000         0x00010000         rw !x
fuse             0x00820000         0x00000003         rw !x
lock             0x00830000         0x00000400         rw !x
signature        0x00840000         0x00000400         rw !x
user_signatures  0x00850000         0x00000400         rw !x
*default*        0x00000000         0xffffffff

Linker script and memory map

Address of section .data set to 0x800100
LOAD D:/Program Files/Atmel Studio/7.0/Packs/atmel/ATmega_DFP/1.2.150/gcc/dev/atmega328p/avr5/crtatmega328p.o
LOAD Sketch.o
START GROUP
LOAD d:/program files/atmel studio/7.0/toolchain/avr8/avr8-gnu-toolchain/bin/../lib/gcc/avr/5.4.0/../../../../avr/lib/avr5\libm.a
LOAD C:\Users\Porama6400\Documents\Project\Atmel Studio\PLSR Firmware\PLSR\ArduinoCore\Debug\libArduinoCore.a
END GROUP
LOAD d:/program files/atmel studio/7.0/toolchain/avr8/avr8-gnu-toolchain/bin/../lib/gcc/avr/5.4.0/avr5\libgcc.a
LOAD d:/program files/atmel studio/7.0/toolchain/avr8/avr8-gnu-toolchain/bin/../lib/gcc/avr/5.4.0/../../../../avr/lib/avr5\libm.a
START GROUP
LOAD d:/program files/atmel studio/7.0/toolchain/avr8/avr8-gnu-toolchain/bin/../lib/gcc/avr/5.4.0/avr5\libgcc.a
LOAD d:/program files/atmel studio/7.0/toolchain/avr8/avr8-gnu-toolchain/bin/../lib/gcc/avr/5.4.0/../../../../avr/lib/avr5\libm.a
LOAD d:/program files/atmel studio/7.0/toolchain/avr8/avr8-gnu-toolchain/bin/../lib/gcc/avr/5.4.0/../../../../avr/lib/avr5\libc.a
LOAD D:/Program Files/Atmel Studio/7.0/Packs/atmel/ATmega_DFP/1.2.150/gcc/dev/atmega328p/avr5\libatmega328p.a
END GROUP
                0x00020000                __TEXT_REGION_LENGTH__ = DEFINED (__TEXT_REGION_LENGTH__)?__TEXT_REGION_LENGTH__:0x20000
                0x0000ffa0                __DATA_REGION_LENGTH__ = DEFINED (__DATA_REGION_LENGTH__)?__DATA_REGION_LENGTH__:0xffa0
                0x00010000                __EEPROM_REGION_LENGTH__ = DEFINED (__EEPROM_REGION_LENGTH__)?__EEPROM_REGION_LENGTH__:0x10000
                [0x00000003]                __FUSE_REGION_LENGTH__ = DEFINED (__FUSE_REGION_LENGTH__)?__FUSE_REGION_LENGTH__:0x400
                0x00000400                __LOCK_REGION_LENGTH__ = DEFINED (__LOCK_REGION_LENGTH__)?__LOCK_REGION_LENGTH__:0x400
                0x00000400                __SIGNATURE_REGION_LENGTH__ = DEFINED (__SIGNATURE_REGION_LENGTH__)?__SIGNATURE_REGION_LENGTH__:0x400
                0x00000400                __USER_SIGNATURE_REGION_LENGTH__ = DEFINED (__USER_SIGNATURE_REGION_LENGTH__)?__USER_SIGNATURE_REGION_LENGTH__:0x400

.hash
 *(.hash)

.dynsym
 *(.dynsym)

.dynstr
 *(.dynstr)

.gnu.version
 *(.gnu.version)

.gnu.version_d
 *(.gnu.version_d)

.gnu.version_r
 *(.gnu.version_r)

.rel.init
 *(.rel.init)

.rela.init
 *(.rela.init)

.rel.text
 *(.rel.text)
 *(.rel.text.*)
 *(.rel.gnu.linkonce.t*)

.rela.text
 *(.rela.text)
 *(.rela.text.*)
 *(.rela.gnu.linkonce.t*)

.rel.fini
 *(.rel.fini)

.rela.fini
 *(.rela.fini)

.rel.rodata
 *(.rel.rodata)
 *(.rel.rodata.*)
 *(.rel.gnu.linkonce.r*)

.rela.rodata
 *(.rela.rodata)
 *(.rela.rodata.*)
 *(.rela.gnu.linkonce.r*)

.rel.data
 *(.rel.data)
 *(.rel.data.*)
 *(.rel.gnu.linkonce.d*)

.rela.data
 *(.rela.data)
 *(.rela.data.*)
 *(.rela.gnu.linkonce.d*)

.rel.ctors
 *(.rel.ctors)

.rela.ctors
 *(.rela.ctors)

.rel.dtors
 *(.rel.dtors)

.rela.dtors
 *(.rela.dtors)

.rel.got
 *(.rel.got)

.rela.got
 *(.rela.got)

.rel.bss
 *(.rel.bss)

.rela.bss
 *(.rela.bss)

.rel.plt
 *(.rel.plt)

.rela.plt
 *(.rela.plt)

.text           0x00000000     0x194e
 *(.vectors)
 .vectors       0x00000000       0x68 D:/Program Files/Atmel Studio/7.0/Packs/atmel/ATmega_DFP/1.2.150/gcc/dev/atmega328p/avr5/crtatmega328p.o
                0x00000000                __vector_default
                0x00000000                __vectors
 *(.vectors)
 *(.progmem.gcc*)
                0x00000068                . = ALIGN (0x2)
                0x00000068                __trampolines_start = .
 *(.trampolines)
 .trampolines   0x00000068        0x0 linker stubs
 *(.trampolines*)
                0x00000068                __trampolines_end = .
 *libprintf_flt.a:*(.progmem.data)
 *libc.a:*(.progmem.data)
 *(.progmem*)
 .progmem.data._ZZ5setupE3__c
                0x00000068        0x6 Sketch.o
 .progmem.data._ZZ14renderMainMenuvE3__c
                0x0000006e        0x6 Sketch.o
 .progmem.data._ZZ14handleButtonOKvE3__c
                0x00000074        0xc Sketch.o
 .progmem.data._ZZ14handleButtonOKvE3__c_0
                0x00000080        0xc Sketch.o
 .progmem.data._ZZ14handleButtonOKvE3__c_1
                0x0000008c        0xa Sketch.o
 .progmem.data._ZZ14handleButtonOKvE3__c_2
                0x00000096        0x7 Sketch.o
 .progmem.data._ZZ14handleButtonOKvE3__c_3
                0x0000009d        0x5 Sketch.o
 .progmem.data._ZZ14handleButtonOKvE3__c_4
                0x000000a2        0xb Sketch.o
 .progmem.data._ZZ14handleButtonOKvE3__c_5
                0x000000ad        0x6 Sketch.o
 .progmem.data.digital_pin_to_timer_PGM
                0x000000b3       0x14 C:\Users\Porama6400\Documents\Project\Atmel Studio\PLSR Firmware\PLSR\ArduinoCore\Debug\libArduinoCore.a(wiring_digital.o)
                0x000000b3                digital_pin_to_timer_PGM
 .progmem.data.digital_pin_to_bit_mask_PGM
                0x000000c7       0x14 C:\Users\Porama6400\Documents\Project\Atmel Studio\PLSR Firmware\PLSR\ArduinoCore\Debug\libArduinoCore.a(wiring_digital.o)
                0x000000c7                digital_pin_to_bit_mask_PGM
 .progmem.data.digital_pin_to_port_PGM
                0x000000db       0x14 C:\Users\Porama6400\Documents\Project\Atmel Studio\PLSR Firmware\PLSR\ArduinoCore\Debug\libArduinoCore.a(wiring_digital.o)
                0x000000db                digital_pin_to_port_PGM
 .progmem.data.port_to_input_PGM
                0x000000ef        0xa C:\Users\Porama6400\Documents\Project\Atmel Studio\PLSR Firmware\PLSR\ArduinoCore\Debug\libArduinoCore.a(wiring_digital.o)
                0x000000ef                port_to_input_PGM
 .progmem.data.port_to_output_PGM
                0x000000f9        0xa C:\Users\Porama6400\Documents\Project\Atmel Studio\PLSR Firmware\PLSR\ArduinoCore\Debug\libArduinoCore.a(wiring_digital.o)
                0x000000f9                port_to_output_PGM
 .progmem.data.port_to_mode_PGM
                0x00000103        0xa C:\Users\Porama6400\Documents\Project\Atmel Studio\PLSR Firmware\PLSR\ArduinoCore\Debug\libArduinoCore.a(wiring_digital.o)
                0x00000103                port_to_mode_PGM
                0x0000010e                . = ALIGN (0x2)
 *fill*         0x0000010d        0x1 
 *(.jumptables)
 *(.jumptables*)
 *(.lowtext)
 *(.lowtext*)
                0x0000010e                __ctors_start = .
 *(.ctors)
 .ctors         0x0000010e        0x2 Sketch.o
                0x00000110                __ctors_end = .
                0x00000110                __dtors_start = .
 *(.dtors)
                0x00000110                __dtors_end = .
 SORT(*)(.ctors)
 SORT(*)(.dtors)
 *(.init0)
 .init0         0x00000110        0x0 D:/Program Files/Atmel Studio/7.0/Packs/atmel/ATmega_DFP/1.2.150/gcc/dev/atmega328p/avr5/crtatmega328p.o
                0x00000110                __init
 *(.init0)
 *(.init1)
 *(.init1)
 *(.init2)
 .init2         0x00000110        0xc D:/Program Files/Atmel Studio/7.0/Packs/atmel/ATmega_DFP/1.2.150/gcc/dev/atmega328p/avr5/crtatmega328p.o
 *(.init2)
 *(.init3)
 *(.init3)
 *(.init4)
 .init4         0x0000011c       0x16 d:/program files/atmel studio/7.0/toolchain/avr8/avr8-gnu-toolchain/bin/../lib/gcc/avr/5.4.0/avr5\libgcc.a(_copy_data.o)
                0x0000011c                __do_copy_data
 .init4         0x00000132       0x10 d:/program files/atmel studio/7.0/toolchain/avr8/avr8-gnu-toolchain/bin/../lib/gcc/avr/5.4.0/avr5\libgcc.a(_clear_bss.o)
                0x00000132                __do_clear_bss
 *(.init4)
 *(.init5)
 *(.init5)
 *(.init6)
 .init6         0x00000142       0x16 d:/program files/atmel studio/7.0/toolchain/avr8/avr8-gnu-toolchain/bin/../lib/gcc/avr/5.4.0/avr5\libgcc.a(_ctors.o)
                0x00000142                __do_global_ctors
 *(.init6)
 *(.init7)
 *(.init7)
 *(.init8)
 *(.init8)
 *(.init9)
 .init9         0x00000158        0x8 D:/Program Files/Atmel Studio/7.0/Packs/atmel/ATmega_DFP/1.2.150/gcc/dev/atmega328p/avr5/crtatmega328p.o
 *(.init9)
 *(.text)
 .text          0x00000160        0x4 D:/Program Files/Atmel Studio/7.0/Packs/atmel/ATmega_DFP/1.2.150/gcc/dev/atmega328p/avr5/crtatmega328p.o
                0x00000160                __vector_22
                0x00000160                __vector_1
                0x00000160                __vector_24
                0x00000160                __vector_12
                0x00000160                __bad_interrupt
                0x00000160                __vector_6
                0x00000160                __vector_3
                0x00000160                __vector_23
                0x00000160                __vector_25
                0x00000160                __vector_11
                0x00000160                __vector_13
                0x00000160                __vector_17
                0x00000160                __vector_19
                0x00000160                __vector_7
                0x00000160                __vector_5
                0x00000160                __vector_4
                0x00000160                __vector_9
                0x00000160                __vector_2
                0x00000160                __vector_21
                0x00000160                __vector_15
                0x00000160                __vector_8
                0x00000160                __vector_14
                0x00000160                __vector_10
                0x00000160                __vector_18
                0x00000160                __vector_20
                0x00000164                . = ALIGN (0x2)
 *(.text.*)
 .text._ZN5EEPtrC2Ei
                0x00000164       0x32 Sketch.o
                0x00000164                _ZN5EEPtrC2Ei
                0x00000164                _ZN5EEPtrC1Ei
 .text._ZN11EEPROMClass5beginEv
                0x00000196       0x2e Sketch.o
                0x00000196                _ZN11EEPROMClass5beginEv
 .text.setup    0x000001c4       0xa2 Sketch.o
                0x000001c4                setup
 .text._Z14renderMainMenuv
                0x00000266       0x64 Sketch.o
                0x00000266                _Z14renderMainMenuv
 .text._Z13rotaryHandlerv
                0x000002ca      0x1da Sketch.o
                0x000002ca                _Z13rotaryHandlerv
 .text._Z14handleButtonOKv
                0x000004a4      0x36a Sketch.o
                0x000004a4                _Z14handleButtonOKv
 .text._Z18handleButtonTOGGLEv
                0x0000080e       0xc2 Sketch.o
                0x0000080e                _Z18handleButtonTOGGLEv
 .text._Z17handleButtonRESETv
                0x000008d0       0x52 Sketch.o
                0x000008d0                _Z17handleButtonRESETv
 .text.loop     0x00000922       0x20 Sketch.o
                0x00000922                loop
 .text._Z41__static_initialization_and_destruction_0ii
                0x00000942       0x6c Sketch.o
 .text._GLOBAL__sub_I_lcd
                0x000009ae       0x1a Sketch.o
 .text.avr-libc.fplib
                0x000009c8        0xe d:/program files/atmel studio/7.0/toolchain/avr8/avr8-gnu-toolchain/bin/../lib/gcc/avr/5.4.0/../../../../avr/lib/avr5\libm.a(addsf3.o)
                0x000009c8                __subsf3
                0x000009ca                __addsf3
 .text.avr-libc.fplib
                0x000009d6       0xcc d:/program files/atmel studio/7.0/toolchain/avr8/avr8-gnu-toolchain/bin/../lib/gcc/avr/5.4.0/../../../../avr/lib/avr5\libm.a(addsf3x.o)
                0x000009f8                __addsf3x
 .text.avr-libc.fplib
                0x00000aa2        0xa d:/program files/atmel studio/7.0/toolchain/avr8/avr8-gnu-toolchain/bin/../lib/gcc/avr/5.4.0/../../../../avr/lib/avr5\libm.a(cmpsf2.o)
                0x00000aa2                __nesf2
                0x00000aa2                __eqsf2
                0x00000aa2                __cmpsf2
                0x00000aa2                __ltsf2
                0x00000aa2                __lesf2
 .text.avr-libc.fplib
                0x00000aac        0x8 d:/program files/atmel studio/7.0/toolchain/avr8/avr8-gnu-toolchain/bin/../lib/gcc/avr/5.4.0/../../../../avr/lib/avr5\libm.a(divsf3.o)
                0x00000aac                __divsf3
 .text.avr-libc.fplib
                0x00000ab4       0xdc d:/program files/atmel studio/7.0/toolchain/avr8/avr8-gnu-toolchain/bin/../lib/gcc/avr/5.4.0/../../../../avr/lib/avr5\libm.a(divsf3x.o)
                0x00000ad4                __divsf3x
                0x00000ada                __divsf3_pse
 .text.avr-libc.fplib
                0x00000b90       0x7a d:/program files/atmel studio/7.0/toolchain/avr8/avr8-gnu-toolchain/bin/../lib/gcc/avr/5.4.0/../../../../avr/lib/avr5\libm.a(floatsisf.o)
                0x00000b90                __floatunsisf
                0x00000b94                __floatsisf
 .text.avr-libc.fplib
                0x00000c0a       0x48 d:/program files/atmel studio/7.0/toolchain/avr8/avr8-gnu-toolchain/bin/../lib/gcc/avr/5.4.0/../../../../avr/lib/avr5\libm.a(fp_cmp.o)
                0x00000c0a                __fp_cmp
 .text.avr-libc.fplib
                0x00000c52        0xc d:/program files/atmel studio/7.0/toolchain/avr8/avr8-gnu-toolchain/bin/../lib/gcc/avr/5.4.0/../../../../avr/lib/avr5\libm.a(fp_inf.o)
                0x00000c52                __fp_inf
 .text.avr-libc.fplib
                0x00000c5e        0x6 d:/program files/atmel studio/7.0/toolchain/avr8/avr8-gnu-toolchain/bin/../lib/gcc/avr/5.4.0/../../../../avr/lib/avr5\libm.a(fp_nan.o)
                0x00000c5e                __fp_nan
 .text.avr-libc.fplib
                0x00000c64        0xe d:/program files/atmel studio/7.0/toolchain/avr8/avr8-gnu-toolchain/bin/../lib/gcc/avr/5.4.0/../../../../avr/lib/avr5\libm.a(fp_pscA.o)
                0x00000c64                __fp_pscA
 .text.avr-libc.fplib
                0x00000c72        0xe d:/program files/atmel studio/7.0/toolchain/avr8/avr8-gnu-toolchain/bin/../lib/gcc/avr/5.4.0/../../../../avr/lib/avr5\libm.a(fp_pscB.o)
                0x00000c72                __fp_pscB
 .text.avr-libc.fplib
                0x00000c80       0x22 d:/program files/atmel studio/7.0/toolchain/avr8/avr8-gnu-toolchain/bin/../lib/gcc/avr/5.4.0/../../../../avr/lib/avr5\libm.a(fp_round.o)
                0x00000c80                __fp_round
 .text.avr-libc.fplib
                0x00000ca2       0x44 d:/program files/atmel studio/7.0/toolchain/avr8/avr8-gnu-toolchain/bin/../lib/gcc/avr/5.4.0/../../../../avr/lib/avr5\libm.a(fp_split3.o)
                0x00000ca2                __fp_split3
                0x00000cb2                __fp_splitA
 .text.avr-libc.fplib
                0x00000ce6        0xe d:/program files/atmel studio/7.0/toolchain/avr8/avr8-gnu-toolchain/bin/../lib/gcc/avr/5.4.0/../../../../avr/lib/avr5\libm.a(fp_zero.o)
                0x00000ce6                __fp_zero
                0x00000ce8                __fp_szero
 .text.avr-libc.fplib
                0x00000cf4        0xa d:/program files/atmel studio/7.0/toolchain/avr8/avr8-gnu-toolchain/bin/../lib/gcc/avr/5.4.0/../../../../avr/lib/avr5\libm.a(gesf2.o)
                0x00000cf4                __gesf2
                0x00000cf4                __gtsf2
 .text.avr-libc.fplib
                0x00000cfe        0x8 d:/program files/atmel studio/7.0/toolchain/avr8/avr8-gnu-toolchain/bin/../lib/gcc/avr/5.4.0/../../../../avr/lib/avr5\libm.a(mulsf3.o)
                0x00000cfe                __mulsf3
 .text.avr-libc.fplib
                0x00000d06       0xd2 d:/program files/atmel studio/7.0/toolchain/avr8/avr8-gnu-toolchain/bin/../lib/gcc/avr/5.4.0/../../../../avr/lib/avr5\libm.a(mulsf3x.o)
                0x00000d24                __mulsf3x
                0x00000d2a                __mulsf3_pse
 .text.initVariant
                0x00000dd8        0x2 C:\Users\Porama6400\Documents\Project\Atmel Studio\PLSR Firmware\PLSR\ArduinoCore\Debug\libArduinoCore.a(main.o)
                0x00000dd8                initVariant
 .text.startup.main
                0x00000dda       0x1e C:\Users\Porama6400\Documents\Project\Atmel Studio\PLSR Firmware\PLSR\ArduinoCore\Debug\libArduinoCore.a(main.o)
                0x00000dda                main
 .text._ZN5Print17availableForWriteEv
                0x00000df8        0x6 C:\Users\Porama6400\Documents\Project\Atmel Studio\PLSR Firmware\PLSR\ArduinoCore\Debug\libArduinoCore.a(Print.o)
                0x00000df8                _ZN5Print17availableForWriteEv
 .text._ZN5Print5flushEv
                0x00000dfe        0x2 C:\Users\Porama6400\Documents\Project\Atmel Studio\PLSR Firmware\PLSR\ArduinoCore\Debug\libArduinoCore.a(Print.o)
                0x00000dfe                _ZN5Print5flushEv
 .text._ZN5Print5writeEPKhj
                0x00000e00       0x54 C:\Users\Porama6400\Documents\Project\Atmel Studio\PLSR Firmware\PLSR\ArduinoCore\Debug\libArduinoCore.a(Print.o)
                0x00000e00                _ZN5Print5writeEPKhj
 .text._ZN5Print5writeEPKc
                0x00000e54       0x2a C:\Users\Porama6400\Documents\Project\Atmel Studio\PLSR Firmware\PLSR\ArduinoCore\Debug\libArduinoCore.a(Print.o)
                0x00000e54                _ZN5Print5writeEPKc
 .text._ZN5Print5printEPK19__FlashStringHelper
                0x00000e7e       0x48 C:\Users\Porama6400\Documents\Project\Atmel Studio\PLSR Firmware\PLSR\ArduinoCore\Debug\libArduinoCore.a(Print.o)
                0x00000e7e                _ZN5Print5printEPK19__FlashStringHelper
 .text._ZN5Print5printEPKc
                0x00000ec6        0x4 C:\Users\Porama6400\Documents\Project\Atmel Studio\PLSR Firmware\PLSR\ArduinoCore\Debug\libArduinoCore.a(Print.o)
                0x00000ec6                _ZN5Print5printEPKc
 .text._ZN5Print5printEc
                0x00000eca        0xe C:\Users\Porama6400\Documents\Project\Atmel Studio\PLSR Firmware\PLSR\ArduinoCore\Debug\libArduinoCore.a(Print.o)
                0x00000eca                _ZN5Print5printEc
 .text._ZN5Print11printNumberEmh
                0x00000ed8       0x92 C:\Users\Porama6400\Documents\Project\Atmel Studio\PLSR Firmware\PLSR\ArduinoCore\Debug\libArduinoCore.a(Print.o)
                0x00000ed8                _ZN5Print11printNumberEmh
 .text._ZN5Print5printEmi
                0x00000f6a       0x1a C:\Users\Porama6400\Documents\Project\Atmel Studio\PLSR Firmware\PLSR\ArduinoCore\Debug\libArduinoCore.a(Print.o)
                0x00000f6a                _ZN5Print5printEmi
 .text._ZN5Print5printEji
                0x00000f84        0xc C:\Users\Porama6400\Documents\Project\Atmel Studio\PLSR Firmware\PLSR\ArduinoCore\Debug\libArduinoCore.a(Print.o)
                0x00000f84                _ZN5Print5printEji
 .text._ZN5Print10printFloatEdh
                0x00000f90      0x1b6 C:\Users\Porama6400\Documents\Project\Atmel Studio\PLSR Firmware\PLSR\ArduinoCore\Debug\libArduinoCore.a(Print.o)
                0x00000f90                _ZN5Print10printFloatEdh
 .text._ZN5Print5printEdi
                0x00001146        0x4 C:\Users\Porama6400\Documents\Project\Atmel Studio\PLSR Firmware\PLSR\ArduinoCore\Debug\libArduinoCore.a(Print.o)
                0x00001146                _ZN5Print5printEdi
 .text.__vector_16
                0x0000114a       0x94 C:\Users\Porama6400\Documents\Project\Atmel Studio\PLSR Firmware\PLSR\ArduinoCore\Debug\libArduinoCore.a(wiring.o)
                0x0000114a                __vector_16
 .text.millis   0x000011de       0x18 C:\Users\Porama6400\Documents\Project\Atmel Studio\PLSR Firmware\PLSR\ArduinoCore\Debug\libArduinoCore.a(wiring.o)
                0x000011de                millis
 .text.micros   0x000011f6       0x4a C:\Users\Porama6400\Documents\Project\Atmel Studio\PLSR Firmware\PLSR\ArduinoCore\Debug\libArduinoCore.a(wiring.o)
                0x000011f6                micros
 .text.delay    0x00001240       0x78 C:\Users\Porama6400\Documents\Project\Atmel Studio\PLSR Firmware\PLSR\ArduinoCore\Debug\libArduinoCore.a(wiring.o)
                0x00001240                delay
 .text.delayMicroseconds
                0x000012b8       0x16 C:\Users\Porama6400\Documents\Project\Atmel Studio\PLSR Firmware\PLSR\ArduinoCore\Debug\libArduinoCore.a(wiring.o)
                0x000012b8                delayMicroseconds
 .text.init     0x000012ce       0x76 C:\Users\Porama6400\Documents\Project\Atmel Studio\PLSR Firmware\PLSR\ArduinoCore\Debug\libArduinoCore.a(wiring.o)
                0x000012ce                init
 .text.turnOffPWM
                0x00001344       0x52 C:\Users\Porama6400\Documents\Project\Atmel Studio\PLSR Firmware\PLSR\ArduinoCore\Debug\libArduinoCore.a(wiring_digital.o)
 .text.pinMode  0x00001396       0x78 C:\Users\Porama6400\Documents\Project\Atmel Studio\PLSR Firmware\PLSR\ArduinoCore\Debug\libArduinoCore.a(wiring_digital.o)
                0x00001396                pinMode
 .text.digitalWrite
                0x0000140e       0x5e C:\Users\Porama6400\Documents\Project\Atmel Studio\PLSR Firmware\PLSR\ArduinoCore\Debug\libArduinoCore.a(wiring_digital.o)
                0x0000140e                digitalWrite
 .text.digitalRead
                0x0000146c       0x52 C:\Users\Porama6400\Documents\Project\Atmel Studio\PLSR Firmware\PLSR\ArduinoCore\Debug\libArduinoCore.a(wiring_digital.o)
                0x0000146c                digitalRead
 .text._ZN13LiquidCrystal11pulseEnableEv
                0x000014be       0x3a C:\Users\Porama6400\Documents\Project\Atmel Studio\PLSR Firmware\PLSR\ArduinoCore\Debug\libArduinoCore.a(LiquidCrystal.o)
                0x000014be                _ZN13LiquidCrystal11pulseEnableEv
 .text._ZN13LiquidCrystal10write4bitsEh
                0x000014f8       0x5a C:\Users\Porama6400\Documents\Project\Atmel Studio\PLSR Firmware\PLSR\ArduinoCore\Debug\libArduinoCore.a(LiquidCrystal.o)
                0x000014f8                _ZN13LiquidCrystal10write4bitsEh
 .text._ZN13LiquidCrystal10write8bitsEh
                0x00001552       0x5a C:\Users\Porama6400\Documents\Project\Atmel Studio\PLSR Firmware\PLSR\ArduinoCore\Debug\libArduinoCore.a(LiquidCrystal.o)
                0x00001552                _ZN13LiquidCrystal10write8bitsEh
 .text._ZN13LiquidCrystal4sendEhh
                0x000015ac       0x52 C:\Users\Porama6400\Documents\Project\Atmel Studio\PLSR Firmware\PLSR\ArduinoCore\Debug\libArduinoCore.a(LiquidCrystal.o)
                0x000015ac                _ZN13LiquidCrystal4sendEhh
 .text._ZN13LiquidCrystal7commandEh
                0x000015fe        0x6 C:\Users\Porama6400\Documents\Project\Atmel Studio\PLSR Firmware\PLSR\ArduinoCore\Debug\libArduinoCore.a(LiquidCrystal.o)
                0x000015fe                _ZN13LiquidCrystal7commandEh
 .text._ZN13LiquidCrystal5clearEv
                0x00001604        0xe C:\Users\Porama6400\Documents\Project\Atmel Studio\PLSR Firmware\PLSR\ArduinoCore\Debug\libArduinoCore.a(LiquidCrystal.o)
                0x00001604                _ZN13LiquidCrystal5clearEv
 .text._ZN13LiquidCrystal9setCursorEhh
                0x00001612       0x26 C:\Users\Porama6400\Documents\Project\Atmel Studio\PLSR Firmware\PLSR\ArduinoCore\Debug\libArduinoCore.a(LiquidCrystal.o)
                0x00001612                _ZN13LiquidCrystal9setCursorEhh
 .text._ZN13LiquidCrystal7displayEv
                0x00001638       0x10 C:\Users\Porama6400\Documents\Project\Atmel Studio\PLSR Firmware\PLSR\ArduinoCore\Debug\libArduinoCore.a(LiquidCrystal.o)
                0x00001638                _ZN13LiquidCrystal7displayEv
 .text._ZN13LiquidCrystal5beginEhhh
                0x00001648      0x14a C:\Users\Porama6400\Documents\Project\Atmel Studio\PLSR Firmware\PLSR\ArduinoCore\Debug\libArduinoCore.a(LiquidCrystal.o)
                0x00001648                _ZN13LiquidCrystal5beginEhhh
 .text._ZN13LiquidCrystalC2Ehhhhhh
                0x00001792       0x40 C:\Users\Porama6400\Documents\Project\Atmel Studio\PLSR Firmware\PLSR\ArduinoCore\Debug\libArduinoCore.a(LiquidCrystal.o)
                0x00001792                _ZN13LiquidCrystalC1Ehhhhhh
                0x00001792                _ZN13LiquidCrystalC2Ehhhhhh
 .text._ZN13LiquidCrystal5writeEh
                0x000017d2        0xc C:\Users\Porama6400\Documents\Project\Atmel Studio\PLSR Firmware\PLSR\ArduinoCore\Debug\libArduinoCore.a(LiquidCrystal.o)
                0x000017d2                _ZN13LiquidCrystal5writeEh
 .text._ZN6RotaryC2Ecc
                0x000017de       0x32 C:\Users\Porama6400\Documents\Project\Atmel Studio\PLSR Firmware\PLSR\ArduinoCore\Debug\libArduinoCore.a(Rotary.o)
                0x000017de                _ZN6RotaryC1Ecc
                0x000017de                _ZN6RotaryC2Ecc
 .text._ZN6Rotary7processEv
                0x00001810       0x42 C:\Users\Porama6400\Documents\Project\Atmel Studio\PLSR Firmware\PLSR\ArduinoCore\Debug\libArduinoCore.a(Rotary.o)
                0x00001810                _ZN6Rotary7processEv
 .text.__empty  0x00001852        0x2 C:\Users\Porama6400\Documents\Project\Atmel Studio\PLSR Firmware\PLSR\ArduinoCore\Debug\libArduinoCore.a(hooks.o)
                0x00001852                yield
 .text.avr-libc.fplib
                0x00001854       0x5e d:/program files/atmel studio/7.0/toolchain/avr8/avr8-gnu-toolchain/bin/../lib/gcc/avr/5.4.0/../../../../avr/lib/avr5\libm.a(fixunssfsi.o)
                0x00001854                __fixunssfsi
 .text.avr-libc.fplib
                0x000018b2        0xa d:/program files/atmel studio/7.0/toolchain/avr8/avr8-gnu-toolchain/bin/../lib/gcc/avr/5.4.0/../../../../avr/lib/avr5\libm.a(unordsf2.o)
                0x000018b2                __unordsf2
 .text.libgcc.div
                0x000018bc       0x44 d:/program files/atmel studio/7.0/toolchain/avr8/avr8-gnu-toolchain/bin/../lib/gcc/avr/5.4.0/avr5\libgcc.a(_udivmodsi4.o)
                0x000018bc                __udivmodsi4
 .text.libgcc.div
                0x00001900       0x2e d:/program files/atmel studio/7.0/toolchain/avr8/avr8-gnu-toolchain/bin/../lib/gcc/avr/5.4.0/avr5\libgcc.a(_divmodsi4.o)
                0x00001900                __divmodsi4
 .text.libgcc.div
                0x0000192e       0x10 d:/program files/atmel studio/7.0/toolchain/avr8/avr8-gnu-toolchain/bin/../lib/gcc/avr/5.4.0/avr5\libgcc.a(_negsi2.o)
                0x0000192e                __negsi2
 .text.libgcc   0x0000193e        0xc d:/program files/atmel studio/7.0/toolchain/avr8/avr8-gnu-toolchain/bin/../lib/gcc/avr/5.4.0/avr5\libgcc.a(_tablejump2.o)
                0x0000193e                __tablejump2__
                0x0000194a                . = ALIGN (0x2)
 *(.fini9)
 .fini9         0x0000194a        0x0 d:/program files/atmel studio/7.0/toolchain/avr8/avr8-gnu-toolchain/bin/../lib/gcc/avr/5.4.0/avr5\libgcc.a(_exit.o)
                0x0000194a                _exit
                0x0000194a                exit
 *(.fini9)
 *(.fini8)
 *(.fini8)
 *(.fini7)
 *(.fini7)
 *(.fini6)
 *(.fini6)
 *(.fini5)
 *(.fini5)
 *(.fini4)
 *(.fini4)
 *(.fini3)
 *(.fini3)
 *(.fini2)
 *(.fini2)
 *(.fini1)
 *(.fini1)
 *(.fini0)
 .fini0         0x0000194a        0x4 d:/program files/atmel studio/7.0/toolchain/avr8/avr8-gnu-toolchain/bin/../lib/gcc/avr/5.4.0/avr5\libgcc.a(_exit.o)
 *(.fini0)
                0x0000194e                _etext = .

.data           0x00800100       0x4c load address 0x0000194e
                0x00800100                PROVIDE (__data_start, .)
 *(.data)
 *(.data*)
 .data.REenable
                0x00800100        0x1 Sketch.o
                0x00800100                REenable
 .data.selectedTime
                0x00800101        0x4 Sketch.o
                0x00800101                selectedTime
 .data.verString
                0x00800105        0x2 Sketch.o
                0x00800105                verString
 *(.gnu.linkonce.d*)
 *(.rodata)
 .rodata        0x00800107        0xe Sketch.o
 *(.rodata*)
 .rodata.str1.1
                0x00800115        0xf C:\Users\Porama6400\Documents\Project\Atmel Studio\PLSR Firmware\PLSR\ArduinoCore\Debug\libArduinoCore.a(Print.o)
 .rodata._ZTV13LiquidCrystal
                0x00800124        0xc C:\Users\Porama6400\Documents\Project\Atmel Studio\PLSR Firmware\PLSR\ArduinoCore\Debug\libArduinoCore.a(LiquidCrystal.o)
                0x00800124                _ZTV13LiquidCrystal
 .rodata._ZL6ttable
                0x00800130       0x1c C:\Users\Porama6400\Documents\Project\Atmel Studio\PLSR Firmware\PLSR\ArduinoCore\Debug\libArduinoCore.a(Rotary.o)
 *(.gnu.linkonce.r*)
                0x0080014c                . = ALIGN (0x2)
                0x0080014c                _edata = .
                0x0080014c                PROVIDE (__data_end, .)

.bss            0x0080014c       0x25
                0x0080014c                PROVIDE (__bss_start, .)
 *(.bss)
 *(.bss*)
 .bss._ZL6EEPROM
                0x0080014c        0x1 Sketch.o
 .bss.lcd       0x0080014d       0x18 Sketch.o
                0x0080014d                lcd
 .bss.rotary    0x00800165        0x3 Sketch.o
                0x00800165                rotary
 .bss.timer0_fract
                0x00800168        0x1 C:\Users\Porama6400\Documents\Project\Atmel Studio\PLSR Firmware\PLSR\ArduinoCore\Debug\libArduinoCore.a(wiring.o)
 .bss.timer0_millis
                0x00800169        0x4 C:\Users\Porama6400\Documents\Project\Atmel Studio\PLSR Firmware\PLSR\ArduinoCore\Debug\libArduinoCore.a(wiring.o)
                0x00800169                timer0_millis
 .bss.timer0_overflow_count
                0x0080016d        0x4 C:\Users\Porama6400\Documents\Project\Atmel Studio\PLSR Firmware\PLSR\ArduinoCore\Debug\libArduinoCore.a(wiring.o)
                0x0080016d                timer0_overflow_count
 *(COMMON)
                0x00800171                PROVIDE (__bss_end, .)
                0x0000194e                __data_load_start = LOADADDR (.data)
                0x0000199a                __data_load_end = (__data_load_start + SIZEOF (.data))

.noinit         0x00800171        0x0
                [!provide]                PROVIDE (__noinit_start, .)
 *(.noinit*)
                [!provide]                PROVIDE (__noinit_end, .)
                0x00800171                _end = .
                [!provide]                PROVIDE (__heap_start, .)

.eeprom         0x00810000        0x0
 *(.eeprom*)
                0x00810000                __eeprom_end = .

.fuse
 *(.fuse)
 *(.lfuse)
 *(.hfuse)
 *(.efuse)

.lock
 *(.lock*)

.signature
 *(.signature*)

.user_signatures
 *(.user_signatures*)

.stab
 *(.stab)

.stabstr
 *(.stabstr)

.stab.excl
 *(.stab.excl)

.stab.exclstr
 *(.stab.exclstr)

.stab.index
 *(.stab.index)

.stab.indexstr
 *(.stab.indexstr)

.comment        0x00000000       0x30
 *(.comment)
 .comment       0x00000000       0x30 Sketch.o
                                 0x31 (size before relaxing)
 .comment       0x00000030       0x31 C:\Users\Porama6400\Documents\Project\Atmel Studio\PLSR Firmware\PLSR\ArduinoCore\Debug\libArduinoCore.a(main.o)
 .comment       0x00000030       0x31 C:\Users\Porama6400\Documents\Project\Atmel Studio\PLSR Firmware\PLSR\ArduinoCore\Debug\libArduinoCore.a(Print.o)
 .comment       0x00000030       0x31 C:\Users\Porama6400\Documents\Project\Atmel Studio\PLSR Firmware\PLSR\ArduinoCore\Debug\libArduinoCore.a(wiring.o)
 .comment       0x00000030       0x31 C:\Users\Porama6400\Documents\Project\Atmel Studio\PLSR Firmware\PLSR\ArduinoCore\Debug\libArduinoCore.a(wiring_digital.o)
 .comment       0x00000030       0x31 C:\Users\Porama6400\Documents\Project\Atmel Studio\PLSR Firmware\PLSR\ArduinoCore\Debug\libArduinoCore.a(LiquidCrystal.o)
 .comment       0x00000030       0x31 C:\Users\Porama6400\Documents\Project\Atmel Studio\PLSR Firmware\PLSR\ArduinoCore\Debug\libArduinoCore.a(Rotary.o)
 .comment       0x00000030       0x31 C:\Users\Porama6400\Documents\Project\Atmel Studio\PLSR Firmware\PLSR\ArduinoCore\Debug\libArduinoCore.a(hooks.o)

.note.gnu.avr.deviceinfo
                0x00000000       0x40
 .note.gnu.avr.deviceinfo
                0x00000000       0x40 D:/Program Files/Atmel Studio/7.0/Packs/atmel/ATmega_DFP/1.2.150/gcc/dev/atmega328p/avr5/crtatmega328p.o

.note.gnu.build-id
 *(.note.gnu.build-id)

.debug
 *(.debug)

.line
 *(.line)

.debug_srcinfo
 *(.debug_srcinfo)

.debug_sfnames
 *(.debug_sfnames)

.debug_aranges  0x00000000      0x380
 *(.debug_aranges)
 .debug_aranges
                0x00000000       0x78 Sketch.o
 .debug_aranges
                0x00000078       0x30 C:\Users\Porama6400\Documents\Project\Atmel Studio\PLSR Firmware\PLSR\ArduinoCore\Debug\libArduinoCore.a(main.o)
 .debug_aranges
                0x000000a8      0x100 C:\Users\Porama6400\Documents\Project\Atmel Studio\PLSR Firmware\PLSR\ArduinoCore\Debug\libArduinoCore.a(Print.o)
 .debug_aranges
                0x000001a8       0x48 C:\Users\Porama6400\Documents\Project\Atmel Studio\PLSR Firmware\PLSR\ArduinoCore\Debug\libArduinoCore.a(wiring.o)
 .debug_aranges
                0x000001f0       0x38 C:\Users\Porama6400\Documents\Project\Atmel Studio\PLSR Firmware\PLSR\ArduinoCore\Debug\libArduinoCore.a(wiring_digital.o)
 .debug_aranges
                0x00000228      0x110 C:\Users\Porama6400\Documents\Project\Atmel Studio\PLSR Firmware\PLSR\ArduinoCore\Debug\libArduinoCore.a(LiquidCrystal.o)
 .debug_aranges
                0x00000338       0x28 C:\Users\Porama6400\Documents\Project\Atmel Studio\PLSR Firmware\PLSR\ArduinoCore\Debug\libArduinoCore.a(Rotary.o)
 .debug_aranges
                0x00000360       0x20 C:\Users\Porama6400\Documents\Project\Atmel Studio\PLSR Firmware\PLSR\ArduinoCore\Debug\libArduinoCore.a(hooks.o)

.debug_pubnames
 *(.debug_pubnames)

.debug_info     0x00000000     0x65f0
 *(.debug_info .gnu.linkonce.wi.*)
 .debug_info    0x00000000      0x5f4 D:/Program Files/Atmel Studio/7.0/Packs/atmel/ATmega_DFP/1.2.150/gcc/dev/atmega328p/avr5/crtatmega328p.o
 .debug_info    0x000005f4      0xc93 Sketch.o
 .debug_info    0x00001287      0x237 C:\Users\Porama6400\Documents\Project\Atmel Studio\PLSR Firmware\PLSR\ArduinoCore\Debug\libArduinoCore.a(main.o)
 .debug_info    0x000014be     0x28ff C:\Users\Porama6400\Documents\Project\Atmel Studio\PLSR Firmware\PLSR\ArduinoCore\Debug\libArduinoCore.a(Print.o)
 .debug_info    0x00003dbd      0x2cb C:\Users\Porama6400\Documents\Project\Atmel Studio\PLSR Firmware\PLSR\ArduinoCore\Debug\libArduinoCore.a(wiring.o)
 .debug_info    0x00004088      0x5fe C:\Users\Porama6400\Documents\Project\Atmel Studio\PLSR Firmware\PLSR\ArduinoCore\Debug\libArduinoCore.a(wiring_digital.o)
 .debug_info    0x00004686     0x1bdd C:\Users\Porama6400\Documents\Project\Atmel Studio\PLSR Firmware\PLSR\ArduinoCore\Debug\libArduinoCore.a(LiquidCrystal.o)
 .debug_info    0x00006263      0x34f C:\Users\Porama6400\Documents\Project\Atmel Studio\PLSR Firmware\PLSR\ArduinoCore\Debug\libArduinoCore.a(Rotary.o)
 .debug_info    0x000065b2       0x3e C:\Users\Porama6400\Documents\Project\Atmel Studio\PLSR Firmware\PLSR\ArduinoCore\Debug\libArduinoCore.a(hooks.o)

.debug_abbrev   0x00000000     0x1607
 *(.debug_abbrev)
 .debug_abbrev  0x00000000      0x5a2 D:/Program Files/Atmel Studio/7.0/Packs/atmel/ATmega_DFP/1.2.150/gcc/dev/atmega328p/avr5/crtatmega328p.o
 .debug_abbrev  0x000005a2      0x2cb Sketch.o
 .debug_abbrev  0x0000086d      0x12d C:\Users\Porama6400\Documents\Project\Atmel Studio\PLSR Firmware\PLSR\ArduinoCore\Debug\libArduinoCore.a(main.o)
 .debug_abbrev  0x0000099a      0x47a C:\Users\Porama6400\Documents\Project\Atmel Studio\PLSR Firmware\PLSR\ArduinoCore\Debug\libArduinoCore.a(Print.o)
 .debug_abbrev  0x00000e14      0x146 C:\Users\Porama6400\Documents\Project\Atmel Studio\PLSR Firmware\PLSR\ArduinoCore\Debug\libArduinoCore.a(wiring.o)
 .debug_abbrev  0x00000f5a      0x15b C:\Users\Porama6400\Documents\Project\Atmel Studio\PLSR Firmware\PLSR\ArduinoCore\Debug\libArduinoCore.a(wiring_digital.o)
 .debug_abbrev  0x000010b5      0x365 C:\Users\Porama6400\Documents\Project\Atmel Studio\PLSR Firmware\PLSR\ArduinoCore\Debug\libArduinoCore.a(LiquidCrystal.o)
 .debug_abbrev  0x0000141a      0x1c3 C:\Users\Porama6400\Documents\Project\Atmel Studio\PLSR Firmware\PLSR\ArduinoCore\Debug\libArduinoCore.a(Rotary.o)
 .debug_abbrev  0x000015dd       0x2a C:\Users\Porama6400\Documents\Project\Atmel Studio\PLSR Firmware\PLSR\ArduinoCore\Debug\libArduinoCore.a(hooks.o)

.debug_line     0x00000000     0x1fba
 *(.debug_line .debug_line.* .debug_line_end)
 .debug_line    0x00000000      0x133 D:/Program Files/Atmel Studio/7.0/Packs/atmel/ATmega_DFP/1.2.150/gcc/dev/atmega328p/avr5/crtatmega328p.o
 .debug_line    0x00000133      0x70f Sketch.o
 .debug_line    0x00000842      0x15f C:\Users\Porama6400\Documents\Project\Atmel Studio\PLSR Firmware\PLSR\ArduinoCore\Debug\libArduinoCore.a(main.o)
 .debug_line    0x000009a1      0x679 C:\Users\Porama6400\Documents\Project\Atmel Studio\PLSR Firmware\PLSR\ArduinoCore\Debug\libArduinoCore.a(Print.o)
 .debug_line    0x0000101a      0x293 C:\Users\Porama6400\Documents\Project\Atmel Studio\PLSR Firmware\PLSR\ArduinoCore\Debug\libArduinoCore.a(wiring.o)
 .debug_line    0x000012ad      0x24c C:\Users\Porama6400\Documents\Project\Atmel Studio\PLSR Firmware\PLSR\ArduinoCore\Debug\libArduinoCore.a(wiring_digital.o)
 .debug_line    0x000014f9      0x91c C:\Users\Porama6400\Documents\Project\Atmel Studio\PLSR Firmware\PLSR\ArduinoCore\Debug\libArduinoCore.a(LiquidCrystal.o)
 .debug_line    0x00001e15      0x164 C:\Users\Porama6400\Documents\Project\Atmel Studio\PLSR Firmware\PLSR\ArduinoCore\Debug\libArduinoCore.a(Rotary.o)
 .debug_line    0x00001f79       0x41 C:\Users\Porama6400\Documents\Project\Atmel Studio\PLSR Firmware\PLSR\ArduinoCore\Debug\libArduinoCore.a(hooks.o)

.debug_frame    0x00000000      0xad0
 *(.debug_frame)
 .debug_frame   0x00000000      0x1c4 Sketch.o
 .debug_frame   0x000001c4       0x54 C:\Users\Porama6400\Documents\Project\Atmel Studio\PLSR Firmware\PLSR\ArduinoCore\Debug\libArduinoCore.a(main.o)
 .debug_frame   0x00000218      0x3ac C:\Users\Porama6400\Documents\Project\Atmel Studio\PLSR Firmware\PLSR\ArduinoCore\Debug\libArduinoCore.a(Print.o)
 .debug_frame   0x000005c4       0xc4 C:\Users\Porama6400\Documents\Project\Atmel Studio\PLSR Firmware\PLSR\ArduinoCore\Debug\libArduinoCore.a(wiring.o)
 .debug_frame   0x00000688       0x7c C:\Users\Porama6400\Documents\Project\Atmel Studio\PLSR Firmware\PLSR\ArduinoCore\Debug\libArduinoCore.a(wiring_digital.o)
 .debug_frame   0x00000704      0x354 C:\Users\Porama6400\Documents\Project\Atmel Studio\PLSR Firmware\PLSR\ArduinoCore\Debug\libArduinoCore.a(LiquidCrystal.o)
 .debug_frame   0x00000a58       0x54 C:\Users\Porama6400\Documents\Project\Atmel Studio\PLSR Firmware\PLSR\ArduinoCore\Debug\libArduinoCore.a(Rotary.o)
 .debug_frame   0x00000aac       0x24 C:\Users\Porama6400\Documents\Project\Atmel Studio\PLSR Firmware\PLSR\ArduinoCore\Debug\libArduinoCore.a(hooks.o)

.debug_str      0x00000000     0x23b4
 *(.debug_str)
 .debug_str     0x00000000      0x208 D:/Program Files/Atmel Studio/7.0/Packs/atmel/ATmega_DFP/1.2.150/gcc/dev/atmega328p/avr5/crtatmega328p.o
 .debug_str     0x00000208      0x7a1 Sketch.o
                                0x81a (size before relaxing)
 .debug_str     0x000009a9      0x1ba C:\Users\Porama6400\Documents\Project\Atmel Studio\PLSR Firmware\PLSR\ArduinoCore\Debug\libArduinoCore.a(main.o)
                                0x2b7 (size before relaxing)
 .debug_str     0x00000b63      0xf2a C:\Users\Porama6400\Documents\Project\Atmel Studio\PLSR Firmware\PLSR\ArduinoCore\Debug\libArduinoCore.a(Print.o)
                               0x1245 (size before relaxing)
 .debug_str     0x00001a8d      0x1c5 C:\Users\Porama6400\Documents\Project\Atmel Studio\PLSR Firmware\PLSR\ArduinoCore\Debug\libArduinoCore.a(wiring.o)
                                0x258 (size before relaxing)
 .debug_str     0x00001c52       0xd7 C:\Users\Porama6400\Documents\Project\Atmel Studio\PLSR Firmware\PLSR\ArduinoCore\Debug\libArduinoCore.a(wiring_digital.o)
                                0x2bd (size before relaxing)
 .debug_str     0x00001d29      0x620 C:\Users\Porama6400\Documents\Project\Atmel Studio\PLSR Firmware\PLSR\ArduinoCore\Debug\libArduinoCore.a(LiquidCrystal.o)
                                0x94c (size before relaxing)
 .debug_str     0x00002349       0x4f C:\Users\Porama6400\Documents\Project\Atmel Studio\PLSR Firmware\PLSR\ArduinoCore\Debug\libArduinoCore.a(Rotary.o)
                                0x30f (size before relaxing)
 .debug_str     0x00002398       0x1c C:\Users\Porama6400\Documents\Project\Atmel Studio\PLSR Firmware\PLSR\ArduinoCore\Debug\libArduinoCore.a(hooks.o)
                                0x14d (size before relaxing)

.debug_loc      0x00000000     0x444e
 *(.debug_loc)
 .debug_loc     0x00000000      0x385 Sketch.o
 .debug_loc     0x00000385     0x1c87 C:\Users\Porama6400\Documents\Project\Atmel Studio\PLSR Firmware\PLSR\ArduinoCore\Debug\libArduinoCore.a(Print.o)
 .debug_loc     0x0000200c      0x28d C:\Users\Porama6400\Documents\Project\Atmel Studio\PLSR Firmware\PLSR\ArduinoCore\Debug\libArduinoCore.a(wiring.o)
 .debug_loc     0x00002299      0x5fc C:\Users\Porama6400\Documents\Project\Atmel Studio\PLSR Firmware\PLSR\ArduinoCore\Debug\libArduinoCore.a(wiring_digital.o)
 .debug_loc     0x00002895     0x1a6e C:\Users\Porama6400\Documents\Project\Atmel Studio\PLSR Firmware\PLSR\ArduinoCore\Debug\libArduinoCore.a(LiquidCrystal.o)
 .debug_loc     0x00004303      0x14b C:\Users\Porama6400\Documents\Project\Atmel Studio\PLSR Firmware\PLSR\ArduinoCore\Debug\libArduinoCore.a(Rotary.o)

.debug_macinfo
 *(.debug_macinfo)

.debug_weaknames
 *(.debug_weaknames)

.debug_funcnames
 *(.debug_funcnames)

.debug_typenames
 *(.debug_typenames)

.debug_varnames
 *(.debug_varnames)

.debug_pubtypes
 *(.debug_pubtypes)

.debug_ranges   0x00000000      0x3a8
 *(.debug_ranges)
 .debug_ranges  0x00000000       0x68 Sketch.o
 .debug_ranges  0x00000068       0x20 C:\Users\Porama6400\Documents\Project\Atmel Studio\PLSR Firmware\PLSR\ArduinoCore\Debug\libArduinoCore.a(main.o)
 .debug_ranges  0x00000088      0x120 C:\Users\Porama6400\Documents\Project\Atmel Studio\PLSR Firmware\PLSR\ArduinoCore\Debug\libArduinoCore.a(Print.o)
 .debug_ranges  0x000001a8       0x38 C:\Users\Porama6400\Documents\Project\Atmel Studio\PLSR Firmware\PLSR\ArduinoCore\Debug\libArduinoCore.a(wiring.o)
 .debug_ranges  0x000001e0       0x28 C:\Users\Porama6400\Documents\Project\Atmel Studio\PLSR Firmware\PLSR\ArduinoCore\Debug\libArduinoCore.a(wiring_digital.o)
 .debug_ranges  0x00000208      0x178 C:\Users\Porama6400\Documents\Project\Atmel Studio\PLSR Firmware\PLSR\ArduinoCore\Debug\libArduinoCore.a(LiquidCrystal.o)
 .debug_ranges  0x00000380       0x18 C:\Users\Porama6400\Documents\Project\Atmel Studio\PLSR Firmware\PLSR\ArduinoCore\Debug\libArduinoCore.a(Rotary.o)
 .debug_ranges  0x00000398       0x10 C:\Users\Porama6400\Documents\Project\Atmel Studio\PLSR Firmware\PLSR\ArduinoCore\Debug\libArduinoCore.a(hooks.o)

.debug_macro
 *(.debug_macro)
OUTPUT(PLSR.elf elf32-avr)
LOAD linker stubs
